20:01:43 **** Build of configuration Debug for project EmbeddedTestFramework_bsp_xdmaps_example_w_intr_1 ****
make pre-build main-build 
../src/xdmaps_example_w_intr.c: In function 'DmaDoneHandler':
a9-linaro-pre-build-step
../src/xdmaps_example_w_intr.c:423:7: warning: variable 'Dst' set but not used [-Wunused-but-set-variable]
' '
  int *Dst;
'Building file: ../src/xdmaps_example_w_intr.c'
       ^~~
'Invoking: ARM v7 gcc compiler'
../src/xdmaps_example_w_intr.c:422:7: warning: variable 'Src' set but not used [-Wunused-but-set-variable]
arm-none-eabi-gcc -Wall -O0 -g3 -c -fmessage-length=0 -MT"src/xdmaps_example_w_intr.o" -mcpu=cortex-a9 -mfpu=vfpv3 -mfloat-abi=hard -I../../EmbeddedTestFramework_bsp/ps7_cortexa9_0/include -MMD -MP -MF"src/xdmaps_example_w_intr.d" -MT"src/xdmaps_example_w_intr.o" -o "src/xdmaps_example_w_intr.o" "../src/xdmaps_example_w_intr.c"
  int *Src;
'Finished building: ../src/xdmaps_example_w_intr.c'
       ^~~
../src/xdmaps_example_w_intr.c:420:6: warning: unused variable 'Index' [-Wunused-variable]
' '
  int Index;
      ^~~~~
'Building target: EmbeddedTestFramework_bsp_xdmaps_example_w_intr_1.elf'
'Invoking: ARM v7 gcc linker'
arm-none-eabi-gcc -mcpu=cortex-a9 -mfpu=vfpv3 -mfloat-abi=hard -Wl,-build-id=none -specs=Xilinx.spec -Wl,-T -Wl,../src/lscript.ld -L../../EmbeddedTestFramework_bsp/ps7_cortexa9_0/lib -o "EmbeddedTestFramework_bsp_xdmaps_example_w_intr_1.elf"  ./src/xdmaps_example_w_intr.o   -Wl,--start-group,-lxil,-lgcc,-lc,--end-group
'Finished building target: EmbeddedTestFramework_bsp_xdmaps_example_w_intr_1.elf'
' '
'Invoking: ARM v7 Print Size'
arm-none-eabi-size EmbeddedTestFramework_bsp_xdmaps_example_w_intr_1.elf  |tee "EmbeddedTestFramework_bsp_xdmaps_example_w_intr_1.elf.size"
   text	   data	    bss	    dec	    hex	filename
  35012	   2736	  33264	  71012	  11564	EmbeddedTestFramework_bsp_xdmaps_example_w_intr_1.elf
'Finished building: EmbeddedTestFramework_bsp_xdmaps_example_w_intr_1.elf.size'
' '

20:01:46 Build Finished (took 2s.829ms)

