23:15:09 **** Build of configuration Debug for project EmbeddedTestFramework_bsp_xdmaps_example_w_intr_2 ****
make pre-build main-build 
a9-linaro-pre-build-step
' '
'Building file: ../src/xdmaps_example_w_intr.c'
'Invoking: ARM v7 gcc compiler'
arm-none-eabi-gcc -Wall -O0 -g3 -c -fmessage-length=0 -MT"src/xdmaps_example_w_intr.o" -mcpu=cortex-a9 -mfpu=vfpv3 -mfloat-abi=hard -I../../EmbeddedTestFramework_bsp/ps7_cortexa9_0/include -MMD -MP -MF"src/xdmaps_example_w_intr.d" -MT"src/xdmaps_example_w_intr.o" -o "src/xdmaps_example_w_intr.o" "../src/xdmaps_example_w_intr.c"
'Finished building: ../src/xdmaps_example_w_intr.c'
' '
'Building target: EmbeddedTestFramework_bsp_xdmaps_example_w_intr_2.elf'
'Invoking: ARM v7 gcc linker'
arm-none-eabi-gcc -mcpu=cortex-a9 -mfpu=vfpv3 -mfloat-abi=hard -Wl,-build-id=none -specs=Xilinx.spec -Wl,-T -Wl,../src/lscript.ld -L../../EmbeddedTestFramework_bsp/ps7_cortexa9_0/lib -o "EmbeddedTestFramework_bsp_xdmaps_example_w_intr_2.elf"  ./src/xdmaps_example_w_intr.o   -Wl,--start-group,-lxil,-lgcc,-lc,--end-group
'Finished building target: EmbeddedTestFramework_bsp_xdmaps_example_w_intr_2.elf'
' '
'Invoking: ARM v7 Print Size'
arm-none-eabi-size EmbeddedTestFramework_bsp_xdmaps_example_w_intr_2.elf  |tee "EmbeddedTestFramework_bsp_xdmaps_example_w_intr_2.elf.size"
   text	   data	    bss	    dec	    hex	filename
  35140	   2736	  33264	  71140	  115e4	EmbeddedTestFramework_bsp_xdmaps_example_w_intr_2.elf
'Finished building: EmbeddedTestFramework_bsp_xdmaps_example_w_intr_2.elf.size'
' '

23:15:13 Build Finished (took 3s.600ms)

