17:53:19 **** Clean-only build of configuration Debug for project TestMultiReg ****
make clean 
rm -rf  ./src/InjectorDriver.o ./src/SamplerDriver.o ./src/helloworld.o ./src/platform.o  ./src/InjectorDriver.d ./src/SamplerDriver.d ./src/helloworld.d ./src/platform.d  TestMultiReg.elf.size  TestMultiReg.elf
rm: cannot remove `TestMultiReg.elf': Permission denied
make: [clean] Error 1 (ignored)
' '
17:53:19 **** Clean-only build of project TestMultiReg_bsp ****
make -k clean 
make -C ps7_cortexa9_0/libsrc/ClockDivider_v1_0/src -s clean 
rm: cannot lstat `*.o': Invalid argument
make[1]: *** [clean] Error 1
make: *** [ps7_cortexa9_0/libsrc/ClockDivider_v1_0/src/make.clean] Error 2
make -C ps7_cortexa9_0/libsrc/coresightps_dcc_v1_4/src -s clean 
make -C ps7_cortexa9_0/libsrc/cpu_cortexa9_v2_6/src -s clean 
make -C ps7_cortexa9_0/libsrc/ddrps_v1_0/src -s clean 
make -C ps7_cortexa9_0/libsrc/devcfg_v3_5/src -s clean 
make -C ps7_cortexa9_0/libsrc/dmaps_v2_3/src -s clean 
make -C ps7_cortexa9_0/libsrc/InterruptMultiReg_v1_0/src -s clean 
rm: cannot lstat `*.o': Invalid argument
make[1]: *** [clean] Error 1
make: *** [ps7_cortexa9_0/libsrc/InterruptMultiReg_v1_0/src/make.clean] Error 2
make -C ps7_cortexa9_0/libsrc/scugic_v3_9/src -s clean 
make -C ps7_cortexa9_0/libsrc/scutimer_v2_1/src -s clean 
make -C ps7_cortexa9_0/libsrc/scuwdt_v2_1/src -s clean 
make -C ps7_cortexa9_0/libsrc/standalone_v6_7/src -s clean 
make -C ps7_cortexa9_0/libsrc/ttcps_v3_6/src -s clean 
make -C ps7_cortexa9_0/libsrc/uartps_v3_6/src -s clean 
make -C ps7_cortexa9_0/libsrc/xadcps_v2_2/src -s clean 
make: Target `clean' not remade because of errors.
17:53:21 **** Build of project TestMultiReg_bsp ****
make -k all 
"Running Make include in ps7_cortexa9_0/libsrc/ClockDivider_v1_0/src"
make -C ps7_cortexa9_0/libsrc/ClockDivider_v1_0/src -s include  "SHELL=CMD" "COMPILER=arm-none-eabi-gcc" "ARCHIVER=arm-none-eabi-ar" "COMPILER_FLAGS=  -O2 -c" "EXTRA_COMPILER_FLAGS=-mcpu=cortex-a9 -mfpu=vfpv3 -mfloat-abi=hard -nostartfiles -g -Wall -Wextra"
"Running Make include in ps7_cortexa9_0/libsrc/coresightps_dcc_v1_4/src"
make -C ps7_cortexa9_0/libsrc/coresightps_dcc_v1_4/src -s include  "SHELL=CMD" "COMPILER=arm-none-eabi-gcc" "ARCHIVER=arm-none-eabi-ar" "COMPILER_FLAGS=  -O2 -c" "EXTRA_COMPILER_FLAGS=-mcpu=cortex-a9 -mfpu=vfpv3 -mfloat-abi=hard -nostartfiles -g -Wall -Wextra"
"Running Make include in ps7_cortexa9_0/libsrc/cpu_cortexa9_v2_6/src"
make -C ps7_cortexa9_0/libsrc/cpu_cortexa9_v2_6/src -s include  "SHELL=CMD" "COMPILER=arm-none-eabi-gcc" "ARCHIVER=arm-none-eabi-ar" "COMPILER_FLAGS=  -O2 -c" "EXTRA_COMPILER_FLAGS=-mcpu=cortex-a9 -mfpu=vfpv3 -mfloat-abi=hard -nostartfiles -g -Wall -Wextra"
"Running Make include in ps7_cortexa9_0/libsrc/ddrps_v1_0/src"
make -C ps7_cortexa9_0/libsrc/ddrps_v1_0/src -s include  "SHELL=CMD" "COMPILER=arm-none-eabi-gcc" "ARCHIVER=arm-none-eabi-ar" "COMPILER_FLAGS=  -O2 -c" "EXTRA_COMPILER_FLAGS=-mcpu=cortex-a9 -mfpu=vfpv3 -mfloat-abi=hard -nostartfiles -g -Wall -Wextra"
"Running Make include in ps7_cortexa9_0/libsrc/devcfg_v3_5/src"
make -C ps7_cortexa9_0/libsrc/devcfg_v3_5/src -s include  "SHELL=CMD" "COMPILER=arm-none-eabi-gcc" "ARCHIVER=arm-none-eabi-ar" "COMPILER_FLAGS=  -O2 -c" "EXTRA_COMPILER_FLAGS=-mcpu=cortex-a9 -mfpu=vfpv3 -mfloat-abi=hard -nostartfiles -g -Wall -Wextra"
"Running Make include in ps7_cortexa9_0/libsrc/dmaps_v2_3/src"
make -C ps7_cortexa9_0/libsrc/dmaps_v2_3/src -s include  "SHELL=CMD" "COMPILER=arm-none-eabi-gcc" "ARCHIVER=arm-none-eabi-ar" "COMPILER_FLAGS=  -O2 -c" "EXTRA_COMPILER_FLAGS=-mcpu=cortex-a9 -mfpu=vfpv3 -mfloat-abi=hard -nostartfiles -g -Wall -Wextra"
"Running Make include in ps7_cortexa9_0/libsrc/InterruptMultiReg_v1_0/src"
make -C ps7_cortexa9_0/libsrc/InterruptMultiReg_v1_0/src -s include  "SHELL=CMD" "COMPILER=arm-none-eabi-gcc" "ARCHIVER=arm-none-eabi-ar" "COMPILER_FLAGS=  -O2 -c" "EXTRA_COMPILER_FLAGS=-mcpu=cortex-a9 -mfpu=vfpv3 -mfloat-abi=hard -nostartfiles -g -Wall -Wextra"
"Running Make include in ps7_cortexa9_0/libsrc/scugic_v3_9/src"
make -C ps7_cortexa9_0/libsrc/scugic_v3_9/src -s include  "SHELL=CMD" "COMPILER=arm-none-eabi-gcc" "ARCHIVER=arm-none-eabi-ar" "COMPILER_FLAGS=  -O2 -c" "EXTRA_COMPILER_FLAGS=-mcpu=cortex-a9 -mfpu=vfpv3 -mfloat-abi=hard -nostartfiles -g -Wall -Wextra"
"Running Make include in ps7_cortexa9_0/libsrc/scutimer_v2_1/src"
make -C ps7_cortexa9_0/libsrc/scutimer_v2_1/src -s include  "SHELL=CMD" "COMPILER=arm-none-eabi-gcc" "ARCHIVER=arm-none-eabi-ar" "COMPILER_FLAGS=  -O2 -c" "EXTRA_COMPILER_FLAGS=-mcpu=cortex-a9 -mfpu=vfpv3 -mfloat-abi=hard -nostartfiles -g -Wall -Wextra"
"Running Make include in ps7_cortexa9_0/libsrc/scuwdt_v2_1/src"
make -C ps7_cortexa9_0/libsrc/scuwdt_v2_1/src -s include  "SHELL=CMD" "COMPILER=arm-none-eabi-gcc" "ARCHIVER=arm-none-eabi-ar" "COMPILER_FLAGS=  -O2 -c" "EXTRA_COMPILER_FLAGS=-mcpu=cortex-a9 -mfpu=vfpv3 -mfloat-abi=hard -nostartfiles -g -Wall -Wextra"
"Running Make include in ps7_cortexa9_0/libsrc/standalone_v6_7/src"
make -C ps7_cortexa9_0/libsrc/standalone_v6_7/src -s include  "SHELL=CMD" "COMPILER=arm-none-eabi-gcc" "ARCHIVER=arm-none-eabi-ar" "COMPILER_FLAGS=  -O2 -c" "EXTRA_COMPILER_FLAGS=-mcpu=cortex-a9 -mfpu=vfpv3 -mfloat-abi=hard -nostartfiles -g -Wall -Wextra"
"Running Make include in ps7_cortexa9_0/libsrc/ttcps_v3_6/src"
make -C ps7_cortexa9_0/libsrc/ttcps_v3_6/src -s include  "SHELL=CMD" "COMPILER=arm-none-eabi-gcc" "ARCHIVER=arm-none-eabi-ar" "COMPILER_FLAGS=  -O2 -c" "EXTRA_COMPILER_FLAGS=-mcpu=cortex-a9 -mfpu=vfpv3 -mfloat-abi=hard -nostartfiles -g -Wall -Wextra"
"Running Make include in ps7_cortexa9_0/libsrc/uartps_v3_6/src"
make -C ps7_cortexa9_0/libsrc/uartps_v3_6/src -s include  "SHELL=CMD" "COMPILER=arm-none-eabi-gcc" "ARCHIVER=arm-none-eabi-ar" "COMPILER_FLAGS=  -O2 -c" "EXTRA_COMPILER_FLAGS=-mcpu=cortex-a9 -mfpu=vfpv3 -mfloat-abi=hard -nostartfiles -g -Wall -Wextra"
"Running Make include in ps7_cortexa9_0/libsrc/xadcps_v2_2/src"
make -C ps7_cortexa9_0/libsrc/xadcps_v2_2/src -s include  "SHELL=CMD" "COMPILER=arm-none-eabi-gcc" "ARCHIVER=arm-none-eabi-ar" "COMPILER_FLAGS=  -O2 -c" "EXTRA_COMPILER_FLAGS=-mcpu=cortex-a9 -mfpu=vfpv3 -mfloat-abi=hard -nostartfiles -g -Wall -Wextra"
"Running Make libs in ps7_cortexa9_0/libsrc/ClockDivider_v1_0/src"
make -C ps7_cortexa9_0/libsrc/ClockDivider_v1_0/src -s libs  "SHELL=CMD" "COMPILER=arm-none-eabi-gcc" "ARCHIVER=arm-none-eabi-ar" "COMPILER_FLAGS=  -O2 -c" "EXTRA_COMPILER_FLAGS=-mcpu=cortex-a9 -mfpu=vfpv3 -mfloat-abi=hard -nostartfiles -g -Wall -Wextra"
"Compiling ClockDivider..."
"Running Make libs in ps7_cortexa9_0/libsrc/coresightps_dcc_v1_4/src"
make -C ps7_cortexa9_0/libsrc/coresightps_dcc_v1_4/src -s libs  "SHELL=CMD" "COMPILER=arm-none-eabi-gcc" "ARCHIVER=arm-none-eabi-ar" "COMPILER_FLAGS=  -O2 -c" "EXTRA_COMPILER_FLAGS=-mcpu=cortex-a9 -mfpu=vfpv3 -mfloat-abi=hard -nostartfiles -g -Wall -Wextra"
"Compiling coresightps_dcc"
"Running Make libs in ps7_cortexa9_0/libsrc/cpu_cortexa9_v2_6/src"
make -C ps7_cortexa9_0/libsrc/cpu_cortexa9_v2_6/src -s libs  "SHELL=CMD" "COMPILER=arm-none-eabi-gcc" "ARCHIVER=arm-none-eabi-ar" "COMPILER_FLAGS=  -O2 -c" "EXTRA_COMPILER_FLAGS=-mcpu=cortex-a9 -mfpu=vfpv3 -mfloat-abi=hard -nostartfiles -g -Wall -Wextra"
"Compiling cpu_cortexa9"
"Running Make libs in ps7_cortexa9_0/libsrc/ddrps_v1_0/src"
make -C ps7_cortexa9_0/libsrc/ddrps_v1_0/src -s libs  "SHELL=CMD" "COMPILER=arm-none-eabi-gcc" "ARCHIVER=arm-none-eabi-ar" "COMPILER_FLAGS=  -O2 -c" "EXTRA_COMPILER_FLAGS=-mcpu=cortex-a9 -mfpu=vfpv3 -mfloat-abi=hard -nostartfiles -g -Wall -Wextra"
"Compiling ddrps"
"Running Make libs in ps7_cortexa9_0/libsrc/devcfg_v3_5/src"
make -C ps7_cortexa9_0/libsrc/devcfg_v3_5/src -s libs  "SHELL=CMD" "COMPILER=arm-none-eabi-gcc" "ARCHIVER=arm-none-eabi-ar" "COMPILER_FLAGS=  -O2 -c" "EXTRA_COMPILER_FLAGS=-mcpu=cortex-a9 -mfpu=vfpv3 -mfloat-abi=hard -nostartfiles -g -Wall -Wextra"
"Compiling devcfg"
"Running Make libs in ps7_cortexa9_0/libsrc/dmaps_v2_3/src"
make -C ps7_cortexa9_0/libsrc/dmaps_v2_3/src -s libs  "SHELL=CMD" "COMPILER=arm-none-eabi-gcc" "ARCHIVER=arm-none-eabi-ar" "COMPILER_FLAGS=  -O2 -c" "EXTRA_COMPILER_FLAGS=-mcpu=cortex-a9 -mfpu=vfpv3 -mfloat-abi=hard -nostartfiles -g -Wall -Wextra"
"Compiling dmaps"
"Running Make libs in ps7_cortexa9_0/libsrc/InterruptMultiReg_v1_0/src"
make -C ps7_cortexa9_0/libsrc/InterruptMultiReg_v1_0/src -s libs  "SHELL=CMD" "COMPILER=arm-none-eabi-gcc" "ARCHIVER=arm-none-eabi-ar" "COMPILER_FLAGS=  -O2 -c" "EXTRA_COMPILER_FLAGS=-mcpu=cortex-a9 -mfpu=vfpv3 -mfloat-abi=hard -nostartfiles -g -Wall -Wextra"
"Compiling InterruptMultiReg..."
InterruptMultiReg_selftest.c: In function 'INTERRUPTMULTIREG_Reg_SelfTest':
InterruptMultiReg_selftest.c:52:66: warning: comparison between signed and unsigned integer expressions [-Wsign-compare]
    if ( INTERRUPTMULTIREG_mReadReg (baseaddr, read_loop_index*4) != (read_loop_index+1)*READ_WRITE_MUL_FACTOR){
                                                                  ^~
InterruptMultiReg_selftest.c:36:6: warning: unused variable 'Index' [-Wunused-variable]
  int Index;
      ^~~~~
"Running Make libs in ps7_cortexa9_0/libsrc/scugic_v3_9/src"
make -C ps7_cortexa9_0/libsrc/scugic_v3_9/src -s libs  "SHELL=CMD" "COMPILER=arm-none-eabi-gcc" "ARCHIVER=arm-none-eabi-ar" "COMPILER_FLAGS=  -O2 -c" "EXTRA_COMPILER_FLAGS=-mcpu=cortex-a9 -mfpu=vfpv3 -mfloat-abi=hard -nostartfiles -g -Wall -Wextra"
"Compiling scugic"
"Running Make libs in ps7_cortexa9_0/libsrc/scutimer_v2_1/src"
make -C ps7_cortexa9_0/libsrc/scutimer_v2_1/src -s libs  "SHELL=CMD" "COMPILER=arm-none-eabi-gcc" "ARCHIVER=arm-none-eabi-ar" "COMPILER_FLAGS=  -O2 -c" "EXTRA_COMPILER_FLAGS=-mcpu=cortex-a9 -mfpu=vfpv3 -mfloat-abi=hard -nostartfiles -g -Wall -Wextra"
"Compiling scutimer"
"Running Make libs in ps7_cortexa9_0/libsrc/scuwdt_v2_1/src"
make -C ps7_cortexa9_0/libsrc/scuwdt_v2_1/src -s libs  "SHELL=CMD" "COMPILER=arm-none-eabi-gcc" "ARCHIVER=arm-none-eabi-ar" "COMPILER_FLAGS=  -O2 -c" "EXTRA_COMPILER_FLAGS=-mcpu=cortex-a9 -mfpu=vfpv3 -mfloat-abi=hard -nostartfiles -g -Wall -Wextra"
"Compiling scuwdt"
"Running Make libs in ps7_cortexa9_0/libsrc/standalone_v6_7/src"
make -C ps7_cortexa9_0/libsrc/standalone_v6_7/src -s libs  "SHELL=CMD" "COMPILER=arm-none-eabi-gcc" "ARCHIVER=arm-none-eabi-ar" "COMPILER_FLAGS=  -O2 -c" "EXTRA_COMPILER_FLAGS=-mcpu=cortex-a9 -mfpu=vfpv3 -mfloat-abi=hard -nostartfiles -g -Wall -Wextra"
"Compiling standalone"
"Running Make libs in ps7_cortexa9_0/libsrc/ttcps_v3_6/src"
make -C ps7_cortexa9_0/libsrc/ttcps_v3_6/src -s libs  "SHELL=CMD" "COMPILER=arm-none-eabi-gcc" "ARCHIVER=arm-none-eabi-ar" "COMPILER_FLAGS=  -O2 -c" "EXTRA_COMPILER_FLAGS=-mcpu=cortex-a9 -mfpu=vfpv3 -mfloat-abi=hard -nostartfiles -g -Wall -Wextra"
"Compiling ttcps"
"Running Make libs in ps7_cortexa9_0/libsrc/uartps_v3_6/src"
make -C ps7_cortexa9_0/libsrc/uartps_v3_6/src -s libs  "SHELL=CMD" "COMPILER=arm-none-eabi-gcc" "ARCHIVER=arm-none-eabi-ar" "COMPILER_FLAGS=  -O2 -c" "EXTRA_COMPILER_FLAGS=-mcpu=cortex-a9 -mfpu=vfpv3 -mfloat-abi=hard -nostartfiles -g -Wall -Wextra"
"Compiling uartps"
"Running Make libs in ps7_cortexa9_0/libsrc/xadcps_v2_2/src"
make -C ps7_cortexa9_0/libsrc/xadcps_v2_2/src -s libs  "SHELL=CMD" "COMPILER=arm-none-eabi-gcc" "ARCHIVER=arm-none-eabi-ar" "COMPILER_FLAGS=  -O2 -c" "EXTRA_COMPILER_FLAGS=-mcpu=cortex-a9 -mfpu=vfpv3 -mfloat-abi=hard -nostartfiles -g -Wall -Wextra"
"Compiling xadcps"
'Finished building libraries'
17:53:36 **** Build of configuration Debug for project TestMultiReg ****
make pre-build main-build 
a9-linaro-pre-build-step
' '
'Building file: ../src/InjectorDriver.c'
'Invoking: ARM v7 gcc compiler'
arm-none-eabi-gcc -Wall -O0 -g3 -c -fmessage-length=0 -MT"src/InjectorDriver.o" -mcpu=cortex-a9 -mfpu=vfpv3 -mfloat-abi=hard -I../../TestMultiReg_bsp/ps7_cortexa9_0/include -MMD -MP -MF"src/InjectorDriver.d" -MT"src/InjectorDriver.o" -o "src/InjectorDriver.o" "../src/InjectorDriver.c"
'Finished building: ../src/InjectorDriver.c'
' '
'Building file: ../src/SamplerDriver.c'
'Invoking: ARM v7 gcc compiler'
arm-none-eabi-gcc -Wall -O0 -g3 -c -fmessage-length=0 -MT"src/SamplerDriver.o" -mcpu=cortex-a9 -mfpu=vfpv3 -mfloat-abi=hard -I../../TestMultiReg_bsp/ps7_cortexa9_0/include -MMD -MP -MF"src/SamplerDriver.d" -MT"src/SamplerDriver.o" -o "src/SamplerDriver.o" "../src/SamplerDriver.c"
'Finished building: ../src/SamplerDriver.c'
' '
'Building file: ../src/helloworld.c'
'Invoking: ARM v7 gcc compiler'
arm-none-eabi-gcc -Wall -O0 -g3 -c -fmessage-length=0 -MT"src/helloworld.o" -mcpu=cortex-a9 -mfpu=vfpv3 -mfloat-abi=hard -I../../TestMultiReg_bsp/ps7_cortexa9_0/include -MMD -MP -MF"src/helloworld.d" -MT"src/helloworld.o" -o "src/helloworld.o" "../src/helloworld.c"
../src/helloworld.c: In function 'main':
../src/helloworld.c:228:2: warning: this 'while' clause does not guard... [-Wmisleading-indentation]
  while(1);
  ^~~~~
../src/helloworld.c:236:4: note: ...this statement, but the latter is misleadingly indented as if it were guarded by the 'while'
    printf("\n\r resetting both sampler and injector.");
    ^~~~~~
../src/helloworld.c: In function 'ScuTimerPolledExample':
../src/helloworld.c:412:15: warning: variable 'CntValue5' set but not used [-Wunused-but-set-variable]
  volatile u32 CntValue5 = 0;
               ^~~~~~~~~
../src/helloworld.c:411:15: warning: unused variable 'CntValue4' [-Wunused-variable]
  volatile u32 CntValue4 = 0;
               ^~~~~~~~~
../src/helloworld.c:410:15: warning: unused variable 'CntValue3' [-Wunused-variable]
  volatile u32 CntValue3 = 0;
               ^~~~~~~~~
'Finished building: ../src/helloworld.c'
' '
'Building file: ../src/platform.c'
'Invoking: ARM v7 gcc compiler'
arm-none-eabi-gcc -Wall -O0 -g3 -c -fmessage-length=0 -MT"src/platform.o" -mcpu=cortex-a9 -mfpu=vfpv3 -mfloat-abi=hard -I../../TestMultiReg_bsp/ps7_cortexa9_0/include -MMD -MP -MF"src/platform.d" -MT"src/platform.o" -o "src/platform.o" "../src/platform.c"
'Finished building: ../src/platform.c'
' '
'Building target: TestMultiReg.elf'
'Invoking: ARM v7 gcc linker'
arm-none-eabi-gcc -mcpu=cortex-a9 -mfpu=vfpv3 -mfloat-abi=hard -Wl,-build-id=none -specs=Xilinx.spec -Wl,-T -Wl,../src/lscript.ld -L../../TestMultiReg_bsp/ps7_cortexa9_0/lib -o "TestMultiReg.elf"  ./src/InjectorDriver.o ./src/SamplerDriver.o ./src/helloworld.o ./src/platform.o   -Wl,--start-group,-lxil,-lgcc,-lc,--end-group
'Finished building target: TestMultiReg.elf'
' '
'Invoking: ARM v7 Print Size'
arm-none-eabi-size TestMultiReg.elf  |tee "TestMultiReg.elf.size"
   text	   data	    bss	    dec	    hex	filename
  76044	   2592	  23440	 102076	  18ebc	TestMultiReg.elf
'Finished building: TestMultiReg.elf.size'
' '
17:53:43 **** Incremental Build of configuration Debug for project TestMultiReg ****
make pre-build main-build 
a9-linaro-pre-build-step
' '
make: Nothing to be done for `main-build'.
17:56:37 **** Auto Build of configuration Debug for project TestMultiReg ****
make pre-build main-build 
a9-linaro-pre-build-step
' '
'Building file: ../src/helloworld.c'
'Invoking: ARM v7 gcc compiler'
arm-none-eabi-gcc -Wall -O0 -g3 -c -fmessage-length=0 -MT"src/helloworld.o" -mcpu=cortex-a9 -mfpu=vfpv3 -mfloat-abi=hard -I../../TestMultiReg_bsp/ps7_cortexa9_0/include -MMD -MP -MF"src/helloworld.d" -MT"src/helloworld.o" -o "src/helloworld.o" "../src/helloworld.c"
../src/helloworld.c: In function 'main':
../src/helloworld.c:244:2: warning: this 'while' clause does not guard... [-Wmisleading-indentation]
  while(1);
  ^~~~~
../src/helloworld.c:252:4: note: ...this statement, but the latter is misleadingly indented as if it were guarded by the 'while'
    printf("\n\r resetting both sampler and injector.");
    ^~~~~~
../src/helloworld.c: In function 'ScuTimerPolledExample':
../src/helloworld.c:428:15: warning: variable 'CntValue5' set but not used [-Wunused-but-set-variable]
  volatile u32 CntValue5 = 0;
               ^~~~~~~~~
../src/helloworld.c:427:15: warning: unused variable 'CntValue4' [-Wunused-variable]
  volatile u32 CntValue4 = 0;
               ^~~~~~~~~
../src/helloworld.c:426:15: warning: unused variable 'CntValue3' [-Wunused-variable]
  volatile u32 CntValue3 = 0;
               ^~~~~~~~~
'Finished building: ../src/helloworld.c'
' '
'Building target: TestMultiReg.elf'
'Invoking: ARM v7 gcc linker'
arm-none-eabi-gcc -mcpu=cortex-a9 -mfpu=vfpv3 -mfloat-abi=hard -Wl,-build-id=none -specs=Xilinx.spec -Wl,-T -Wl,../src/lscript.ld -L../../TestMultiReg_bsp/ps7_cortexa9_0/lib -o "TestMultiReg.elf"  ./src/InjectorDriver.o ./src/SamplerDriver.o ./src/helloworld.o ./src/platform.o   -Wl,--start-group,-lxil,-lgcc,-lc,--end-group
'Finished building target: TestMultiReg.elf'
' '
'Invoking: ARM v7 Print Size'
arm-none-eabi-size TestMultiReg.elf  |tee "TestMultiReg.elf.size"
   text	   data	    bss	    dec	    hex	filename
  76020	   2592	  23440	 102052	  18ea4	TestMultiReg.elf
'Finished building: TestMultiReg.elf.size'
' '
17:56:42 **** Incremental Build of configuration Debug for project TestMultiReg ****
make pre-build main-build 
a9-linaro-pre-build-step
' '
make: Nothing to be done for `main-build'.
17:57:11 **** Auto Build of configuration Debug for project TestMultiReg ****
make pre-build main-build 
a9-linaro-pre-build-step
' '
'Building file: ../src/helloworld.c'
'Invoking: ARM v7 gcc compiler'
arm-none-eabi-gcc -Wall -O0 -g3 -c -fmessage-length=0 -MT"src/helloworld.o" -mcpu=cortex-a9 -mfpu=vfpv3 -mfloat-abi=hard -I../../TestMultiReg_bsp/ps7_cortexa9_0/include -MMD -MP -MF"src/helloworld.d" -MT"src/helloworld.o" -o "src/helloworld.o" "../src/helloworld.c"
../src/helloworld.c: In function 'main':
../src/helloworld.c:244:2: warning: this 'while' clause does not guard... [-Wmisleading-indentation]
  while(1);
  ^~~~~
../src/helloworld.c:252:4: note: ...this statement, but the latter is misleadingly indented as if it were guarded by the 'while'
    printf("\n\r resetting both sampler and injector.");
    ^~~~~~
../src/helloworld.c: In function 'ScuTimerPolledExample':
../src/helloworld.c:428:15: warning: variable 'CntValue5' set but not used [-Wunused-but-set-variable]
  volatile u32 CntValue5 = 0;
               ^~~~~~~~~
../src/helloworld.c:427:15: warning: unused variable 'CntValue4' [-Wunused-variable]
  volatile u32 CntValue4 = 0;
               ^~~~~~~~~
../src/helloworld.c:426:15: warning: unused variable 'CntValue3' [-Wunused-variable]
  volatile u32 CntValue3 = 0;
               ^~~~~~~~~
'Finished building: ../src/helloworld.c'
' '
'Building target: TestMultiReg.elf'
'Invoking: ARM v7 gcc linker'
arm-none-eabi-gcc -mcpu=cortex-a9 -mfpu=vfpv3 -mfloat-abi=hard -Wl,-build-id=none -specs=Xilinx.spec -Wl,-T -Wl,../src/lscript.ld -L../../TestMultiReg_bsp/ps7_cortexa9_0/lib -o "TestMultiReg.elf"  ./src/InjectorDriver.o ./src/SamplerDriver.o ./src/helloworld.o ./src/platform.o   -Wl,--start-group,-lxil,-lgcc,-lc,--end-group
'Finished building target: TestMultiReg.elf'
' '
'Invoking: ARM v7 Print Size'
arm-none-eabi-size TestMultiReg.elf  |tee "TestMultiReg.elf.size"
   text	   data	    bss	    dec	    hex	filename
  76020	   2592	  23440	 102052	  18ea4	TestMultiReg.elf
'Finished building: TestMultiReg.elf.size'
' '
17:57:19 **** Incremental Build of configuration Debug for project TestMultiReg ****
make pre-build main-build 
a9-linaro-pre-build-step
' '
make: Nothing to be done for `main-build'.
17:57:39 **** Auto Build of configuration Debug for project TestMultiReg ****
make pre-build main-build 
a9-linaro-pre-build-step
' '
'Building file: ../src/helloworld.c'
'Invoking: ARM v7 gcc compiler'
arm-none-eabi-gcc -Wall -O0 -g3 -c -fmessage-length=0 -MT"src/helloworld.o" -mcpu=cortex-a9 -mfpu=vfpv3 -mfloat-abi=hard -I../../TestMultiReg_bsp/ps7_cortexa9_0/include -MMD -MP -MF"src/helloworld.d" -MT"src/helloworld.o" -o "src/helloworld.o" "../src/helloworld.c"
../src/helloworld.c: In function 'main':
../src/helloworld.c:244:2: warning: this 'while' clause does not guard... [-Wmisleading-indentation]
  while(1);
  ^~~~~
../src/helloworld.c:252:4: note: ...this statement, but the latter is misleadingly indented as if it were guarded by the 'while'
    printf("\n\r resetting both sampler and injector.");
    ^~~~~~
../src/helloworld.c: In function 'ScuTimerPolledExample':
../src/helloworld.c:428:15: warning: variable 'CntValue5' set but not used [-Wunused-but-set-variable]
  volatile u32 CntValue5 = 0;
               ^~~~~~~~~
../src/helloworld.c:427:15: warning: unused variable 'CntValue4' [-Wunused-variable]
  volatile u32 CntValue4 = 0;
               ^~~~~~~~~
../src/helloworld.c:426:15: warning: unused variable 'CntValue3' [-Wunused-variable]
  volatile u32 CntValue3 = 0;
               ^~~~~~~~~
'Finished building: ../src/helloworld.c'
' '
'Building target: TestMultiReg.elf'
'Invoking: ARM v7 gcc linker'
arm-none-eabi-gcc -mcpu=cortex-a9 -mfpu=vfpv3 -mfloat-abi=hard -Wl,-build-id=none -specs=Xilinx.spec -Wl,-T -Wl,../src/lscript.ld -L../../TestMultiReg_bsp/ps7_cortexa9_0/lib -o "TestMultiReg.elf"  ./src/InjectorDriver.o ./src/SamplerDriver.o ./src/helloworld.o ./src/platform.o   -Wl,--start-group,-lxil,-lgcc,-lc,--end-group
'Finished building target: TestMultiReg.elf'
' '
'Invoking: ARM v7 Print Size'
arm-none-eabi-size TestMultiReg.elf  |tee "TestMultiReg.elf.size"
   text	   data	    bss	    dec	    hex	filename
  76020	   2592	  23440	 102052	  18ea4	TestMultiReg.elf
'Finished building: TestMultiReg.elf.size'
' '
17:57:43 **** Incremental Build of configuration Debug for project TestMultiReg ****
make pre-build main-build 
a9-linaro-pre-build-step
' '
make: Nothing to be done for `main-build'.
17:58:48 **** Auto Build of configuration Debug for project TestMultiReg ****
make pre-build main-build 
a9-linaro-pre-build-step
' '
'Building file: ../src/helloworld.c'
'Invoking: ARM v7 gcc compiler'
arm-none-eabi-gcc -Wall -O0 -g3 -c -fmessage-length=0 -MT"src/helloworld.o" -mcpu=cortex-a9 -mfpu=vfpv3 -mfloat-abi=hard -I../../TestMultiReg_bsp/ps7_cortexa9_0/include -MMD -MP -MF"src/helloworld.d" -MT"src/helloworld.o" -o "src/helloworld.o" "../src/helloworld.c"
../src/helloworld.c: In function 'main':
../src/helloworld.c:244:2: warning: this 'while' clause does not guard... [-Wmisleading-indentation]
  while(1);
  ^~~~~
../src/helloworld.c:252:4: note: ...this statement, but the latter is misleadingly indented as if it were guarded by the 'while'
    printf("\n\r resetting both sampler and injector.");
    ^~~~~~
../src/helloworld.c: In function 'ScuTimerPolledExample':
../src/helloworld.c:428:15: warning: variable 'CntValue5' set but not used [-Wunused-but-set-variable]
  volatile u32 CntValue5 = 0;
               ^~~~~~~~~
../src/helloworld.c:427:15: warning: unused variable 'CntValue4' [-Wunused-variable]
  volatile u32 CntValue4 = 0;
               ^~~~~~~~~
../src/helloworld.c:426:15: warning: unused variable 'CntValue3' [-Wunused-variable]
  volatile u32 CntValue3 = 0;
               ^~~~~~~~~
'Finished building: ../src/helloworld.c'
' '
'Building target: TestMultiReg.elf'
'Invoking: ARM v7 gcc linker'
arm-none-eabi-gcc -mcpu=cortex-a9 -mfpu=vfpv3 -mfloat-abi=hard -Wl,-build-id=none -specs=Xilinx.spec -Wl,-T -Wl,../src/lscript.ld -L../../TestMultiReg_bsp/ps7_cortexa9_0/lib -o "TestMultiReg.elf"  ./src/InjectorDriver.o ./src/SamplerDriver.o ./src/helloworld.o ./src/platform.o   -Wl,--start-group,-lxil,-lgcc,-lc,--end-group
'Finished building target: TestMultiReg.elf'
' '
'Invoking: ARM v7 Print Size'
arm-none-eabi-size TestMultiReg.elf  |tee "TestMultiReg.elf.size"
   text	   data	    bss	    dec	    hex	filename
  76020	   2592	  23440	 102052	  18ea4	TestMultiReg.elf
'Finished building: TestMultiReg.elf.size'
' '
17:58:55 **** Incremental Build of configuration Debug for project TestMultiReg ****
make pre-build main-build 
a9-linaro-pre-build-step
' '
make: Nothing to be done for `main-build'.
17:59:28 **** Auto Build of configuration Debug for project TestMultiReg ****
make pre-build main-build 
a9-linaro-pre-build-step
' '
'Building file: ../src/helloworld.c'
'Invoking: ARM v7 gcc compiler'
arm-none-eabi-gcc -Wall -O0 -g3 -c -fmessage-length=0 -MT"src/helloworld.o" -mcpu=cortex-a9 -mfpu=vfpv3 -mfloat-abi=hard -I../../TestMultiReg_bsp/ps7_cortexa9_0/include -MMD -MP -MF"src/helloworld.d" -MT"src/helloworld.o" -o "src/helloworld.o" "../src/helloworld.c"
../src/helloworld.c: In function 'main':
../src/helloworld.c:244:2: warning: this 'while' clause does not guard... [-Wmisleading-indentation]
  while(1);
  ^~~~~
../src/helloworld.c:252:4: note: ...this statement, but the latter is misleadingly indented as if it were guarded by the 'while'
    printf("\n\r resetting both sampler and injector.");
    ^~~~~~
../src/helloworld.c: In function 'ScuTimerPolledExample':
../src/helloworld.c:428:15: warning: variable 'CntValue5' set but not used [-Wunused-but-set-variable]
  volatile u32 CntValue5 = 0;
               ^~~~~~~~~
../src/helloworld.c:427:15: warning: unused variable 'CntValue4' [-Wunused-variable]
  volatile u32 CntValue4 = 0;
               ^~~~~~~~~
../src/helloworld.c:426:15: warning: unused variable 'CntValue3' [-Wunused-variable]
  volatile u32 CntValue3 = 0;
               ^~~~~~~~~
'Finished building: ../src/helloworld.c'
' '
'Building target: TestMultiReg.elf'
'Invoking: ARM v7 gcc linker'
arm-none-eabi-gcc -mcpu=cortex-a9 -mfpu=vfpv3 -mfloat-abi=hard -Wl,-build-id=none -specs=Xilinx.spec -Wl,-T -Wl,../src/lscript.ld -L../../TestMultiReg_bsp/ps7_cortexa9_0/lib -o "TestMultiReg.elf"  ./src/InjectorDriver.o ./src/SamplerDriver.o ./src/helloworld.o ./src/platform.o   -Wl,--start-group,-lxil,-lgcc,-lc,--end-group
'Finished building target: TestMultiReg.elf'
' '
'Invoking: ARM v7 Print Size'
arm-none-eabi-size TestMultiReg.elf  |tee "TestMultiReg.elf.size"
   text	   data	    bss	    dec	    hex	filename
  76020	   2592	  23440	 102052	  18ea4	TestMultiReg.elf
'Finished building: TestMultiReg.elf.size'
' '
17:59:34 **** Incremental Build of configuration Debug for project TestMultiReg ****
make pre-build main-build 
a9-linaro-pre-build-step
' '
make: Nothing to be done for `main-build'.
18:01:30 **** Auto Build of configuration Debug for project TestMultiReg ****
make pre-build main-build 
a9-linaro-pre-build-step
' '
'Building file: ../src/helloworld.c'
'Invoking: ARM v7 gcc compiler'
arm-none-eabi-gcc -Wall -O0 -g3 -c -fmessage-length=0 -MT"src/helloworld.o" -mcpu=cortex-a9 -mfpu=vfpv3 -mfloat-abi=hard -I../../TestMultiReg_bsp/ps7_cortexa9_0/include -MMD -MP -MF"src/helloworld.d" -MT"src/helloworld.o" -o "src/helloworld.o" "../src/helloworld.c"
../src/helloworld.c: In function 'main':
../src/helloworld.c:247:2: warning: this 'while' clause does not guard... [-Wmisleading-indentation]
  while(1);
  ^~~~~
../src/helloworld.c:255:4: note: ...this statement, but the latter is misleadingly indented as if it were guarded by the 'while'
    printf("\n\r resetting both sampler and injector.");
    ^~~~~~
../src/helloworld.c: In function 'ScuTimerPolledExample':
../src/helloworld.c:431:15: warning: variable 'CntValue5' set but not used [-Wunused-but-set-variable]
  volatile u32 CntValue5 = 0;
               ^~~~~~~~~
../src/helloworld.c:430:15: warning: unused variable 'CntValue4' [-Wunused-variable]
  volatile u32 CntValue4 = 0;
               ^~~~~~~~~
../src/helloworld.c:429:15: warning: unused variable 'CntValue3' [-Wunused-variable]
  volatile u32 CntValue3 = 0;
               ^~~~~~~~~
'Finished building: ../src/helloworld.c'
' '
'Building target: TestMultiReg.elf'
'Invoking: ARM v7 gcc linker'
arm-none-eabi-gcc -mcpu=cortex-a9 -mfpu=vfpv3 -mfloat-abi=hard -Wl,-build-id=none -specs=Xilinx.spec -Wl,-T -Wl,../src/lscript.ld -L../../TestMultiReg_bsp/ps7_cortexa9_0/lib -o "TestMultiReg.elf"  ./src/InjectorDriver.o ./src/SamplerDriver.o ./src/helloworld.o ./src/platform.o   -Wl,--start-group,-lxil,-lgcc,-lc,--end-group
'Finished building target: TestMultiReg.elf'
' '
'Invoking: ARM v7 Print Size'
arm-none-eabi-size TestMultiReg.elf  |tee "TestMultiReg.elf.size"
   text	   data	    bss	    dec	    hex	filename
  76020	   2592	  23440	 102052	  18ea4	TestMultiReg.elf
'Finished building: TestMultiReg.elf.size'
' '
12:50:09 **** Incremental Build of configuration Debug for project TestMultiReg ****
make pre-build main-build 
a9-linaro-pre-build-step
' '
make: Nothing to be done for `main-build'.
12:53:47 **** Auto Build of configuration Debug for project TestMultiReg ****
make pre-build main-build 
a9-linaro-pre-build-step
' '
'Building file: ../src/helloworld.c'
'Invoking: ARM v7 gcc compiler'
arm-none-eabi-gcc -Wall -O0 -g3 -c -fmessage-length=0 -MT"src/helloworld.o" -mcpu=cortex-a9 -mfpu=vfpv3 -mfloat-abi=hard -I../../TestMultiReg_bsp/ps7_cortexa9_0/include -MMD -MP -MF"src/helloworld.d" -MT"src/helloworld.o" -o "src/helloworld.o" "../src/helloworld.c"
../src/helloworld.c: In function 'main':
../src/helloworld.c:260:2: warning: this 'while' clause does not guard... [-Wmisleading-indentation]
  while(1);
  ^~~~~
../src/helloworld.c:268:4: note: ...this statement, but the latter is misleadingly indented as if it were guarded by the 'while'
    printf("\n\r resetting both sampler and injector.");
    ^~~~~~
../src/helloworld.c: In function 'ScuTimerPolledExample':
../src/helloworld.c:444:15: warning: variable 'CntValue5' set but not used [-Wunused-but-set-variable]
  volatile u32 CntValue5 = 0;
               ^~~~~~~~~
../src/helloworld.c:443:15: warning: unused variable 'CntValue4' [-Wunused-variable]
  volatile u32 CntValue4 = 0;
               ^~~~~~~~~
../src/helloworld.c:442:15: warning: unused variable 'CntValue3' [-Wunused-variable]
  volatile u32 CntValue3 = 0;
               ^~~~~~~~~
'Finished building: ../src/helloworld.c'
' '
'Building target: TestMultiReg.elf'
'Invoking: ARM v7 gcc linker'
arm-none-eabi-gcc -mcpu=cortex-a9 -mfpu=vfpv3 -mfloat-abi=hard -Wl,-build-id=none -specs=Xilinx.spec -Wl,-T -Wl,../src/lscript.ld -L../../TestMultiReg_bsp/ps7_cortexa9_0/lib -o "TestMultiReg.elf"  ./src/InjectorDriver.o ./src/SamplerDriver.o ./src/helloworld.o ./src/platform.o   -Wl,--start-group,-lxil,-lgcc,-lc,--end-group
'Finished building target: TestMultiReg.elf'
' '
'Invoking: ARM v7 Print Size'
arm-none-eabi-size TestMultiReg.elf  |tee "TestMultiReg.elf.size"
   text	   data	    bss	    dec	    hex	filename
  76020	   2592	  23472	 102084	  18ec4	TestMultiReg.elf
'Finished building: TestMultiReg.elf.size'
' '
13:09:42 **** Auto Build of configuration Debug for project TestMultiReg ****
make pre-build main-build 
a9-linaro-pre-build-step
' '
'Building file: ../src/helloworld.c'
'Invoking: ARM v7 gcc compiler'
arm-none-eabi-gcc -Wall -O0 -g3 -c -fmessage-length=0 -MT"src/helloworld.o" -mcpu=cortex-a9 -mfpu=vfpv3 -mfloat-abi=hard -I../../TestMultiReg_bsp/ps7_cortexa9_0/include -MMD -MP -MF"src/helloworld.d" -MT"src/helloworld.o" -o "src/helloworld.o" "../src/helloworld.c"
In file included from ../../TestMultiReg_bsp/ps7_cortexa9_0/include/xscutimer.h:117:0,
                 from ../src/helloworld.c:62:
../src/helloworld.c: In function 'AXIInjector_Handler':
../src/helloworld.c:127:51: error: 'TimerInstancePtr' undeclared (first use in this function)
  cnt_initial_injector = XScuTimer_GetCounterValue(TimerInstancePtr);
                                                   ^
../../TestMultiReg_bsp/ps7_cortexa9_0/include/xscutimer_hw.h:258:12: note: in definition of macro 'XScuTimer_ReadReg'
  Xil_In32((BaseAddr) + (RegOffset))
            ^~~~~~~~
../src/helloworld.c:127:25: note: in expansion of macro 'XScuTimer_GetCounterValue'
  cnt_initial_injector = XScuTimer_GetCounterValue(TimerInstancePtr);
                         ^~~~~~~~~~~~~~~~~~~~~~~~~
../src/helloworld.c:127:51: note: each undeclared identifier is reported only once for each function it appears in
  cnt_initial_injector = XScuTimer_GetCounterValue(TimerInstancePtr);
                                                   ^
../../TestMultiReg_bsp/ps7_cortexa9_0/include/xscutimer_hw.h:258:12: note: in definition of macro 'XScuTimer_ReadReg'
  Xil_In32((BaseAddr) + (RegOffset))
            ^~~~~~~~
../src/helloworld.c:127:25: note: in expansion of macro 'XScuTimer_GetCounterValue'
  cnt_initial_injector = XScuTimer_GetCounterValue(TimerInstancePtr);
                         ^~~~~~~~~~~~~~~~~~~~~~~~~
../src/helloworld.c: In function 'AXISampler_Handler':
../src/helloworld.c:157:50: error: 'TimerInstancePtr' undeclared (first use in this function)
  cnt_initial_sampler = XScuTimer_GetCounterValue(TimerInstancePtr);
                                                  ^
../../TestMultiReg_bsp/ps7_cortexa9_0/include/xscutimer_hw.h:258:12: note: in definition of macro 'XScuTimer_ReadReg'
  Xil_In32((BaseAddr) + (RegOffset))
            ^~~~~~~~
../src/helloworld.c:157:24: note: in expansion of macro 'XScuTimer_GetCounterValue'
  cnt_initial_sampler = XScuTimer_GetCounterValue(TimerInstancePtr);
                        ^~~~~~~~~~~~~~~~~~~~~~~~~
../src/helloworld.c: In function 'ScuTimerPolledExample':
../src/helloworld.c:449:15: warning: variable 'CntValue5' set but not used [-Wunused-but-set-variable]
  volatile u32 CntValue5 = 0;
               ^~~~~~~~~
../src/helloworld.c:448:15: warning: unused variable 'CntValue4' [-Wunused-variable]
  volatile u32 CntValue4 = 0;
               ^~~~~~~~~
../src/helloworld.c:447:15: warning: unused variable 'CntValue3' [-Wunused-variable]
  volatile u32 CntValue3 = 0;
               ^~~~~~~~~
make: *** [src/helloworld.o] Error 1
13:10:31 **** Auto Build of configuration Debug for project TestMultiReg ****
make pre-build main-build 
a9-linaro-pre-build-step
' '
'Building file: ../src/helloworld.c'
'Invoking: ARM v7 gcc compiler'
arm-none-eabi-gcc -Wall -O0 -g3 -c -fmessage-length=0 -MT"src/helloworld.o" -mcpu=cortex-a9 -mfpu=vfpv3 -mfloat-abi=hard -I../../TestMultiReg_bsp/ps7_cortexa9_0/include -MMD -MP -MF"src/helloworld.d" -MT"src/helloworld.o" -o "src/helloworld.o" "../src/helloworld.c"
../src/helloworld.c: In function 'ScuTimerPolledExample':
../src/helloworld.c:452:15: warning: variable 'CntValue5' set but not used [-Wunused-but-set-variable]
  volatile u32 CntValue5 = 0;
               ^~~~~~~~~
../src/helloworld.c:451:15: warning: unused variable 'CntValue4' [-Wunused-variable]
  volatile u32 CntValue4 = 0;
               ^~~~~~~~~
../src/helloworld.c:450:15: warning: unused variable 'CntValue3' [-Wunused-variable]
  volatile u32 CntValue3 = 0;
               ^~~~~~~~~
'Finished building: ../src/helloworld.c'
' '
'Building target: TestMultiReg.elf'
'Invoking: ARM v7 gcc linker'
arm-none-eabi-gcc -mcpu=cortex-a9 -mfpu=vfpv3 -mfloat-abi=hard -Wl,-build-id=none -specs=Xilinx.spec -Wl,-T -Wl,../src/lscript.ld -L../../TestMultiReg_bsp/ps7_cortexa9_0/lib -o "TestMultiReg.elf"  ./src/InjectorDriver.o ./src/SamplerDriver.o ./src/helloworld.o ./src/platform.o   -Wl,--start-group,-lxil,-lgcc,-lc,--end-group
'Finished building target: TestMultiReg.elf'
' '
'Invoking: ARM v7 Print Size'
arm-none-eabi-size TestMultiReg.elf  |tee "TestMultiReg.elf.size"
   text	   data	    bss	    dec	    hex	filename
  81688	   4168	  23488	 109344	  1ab20	TestMultiReg.elf
'Finished building: TestMultiReg.elf.size'
' '
13:18:08 **** Auto Build of configuration Debug for project TestMultiReg ****
make pre-build main-build 
a9-linaro-pre-build-step
' '
'Building file: ../src/helloworld.c'
'Invoking: ARM v7 gcc compiler'
arm-none-eabi-gcc -Wall -O0 -g3 -c -fmessage-length=0 -MT"src/helloworld.o" -mcpu=cortex-a9 -mfpu=vfpv3 -mfloat-abi=hard -I../../TestMultiReg_bsp/ps7_cortexa9_0/include -MMD -MP -MF"src/helloworld.d" -MT"src/helloworld.o" -o "src/helloworld.o" "../src/helloworld.c"
../src/helloworld.c: In function 'ScuTimerPolledExample':
../src/helloworld.c:509:3: error: 'CntValue5' undeclared (first use in this function); did you mean 'CntValue2'?
   CntValue5 = XScuTimer_GetCounterValue(TimerInstancePtr);
   ^~~~~~~~~
   CntValue2
../src/helloworld.c:509:3: note: each undeclared identifier is reported only once for each function it appears in
make: *** [src/helloworld.o] Error 1
13:18:21 **** Auto Build of configuration Debug for project TestMultiReg ****
make pre-build main-build 
a9-linaro-pre-build-step
' '
'Building file: ../src/helloworld.c'
'Invoking: ARM v7 gcc compiler'
arm-none-eabi-gcc -Wall -O0 -g3 -c -fmessage-length=0 -MT"src/helloworld.o" -mcpu=cortex-a9 -mfpu=vfpv3 -mfloat-abi=hard -I../../TestMultiReg_bsp/ps7_cortexa9_0/include -MMD -MP -MF"src/helloworld.d" -MT"src/helloworld.o" -o "src/helloworld.o" "../src/helloworld.c"
'Finished building: ../src/helloworld.c'
' '
'Building target: TestMultiReg.elf'
'Invoking: ARM v7 gcc linker'
arm-none-eabi-gcc -mcpu=cortex-a9 -mfpu=vfpv3 -mfloat-abi=hard -Wl,-build-id=none -specs=Xilinx.spec -Wl,-T -Wl,../src/lscript.ld -L../../TestMultiReg_bsp/ps7_cortexa9_0/lib -o "TestMultiReg.elf"  ./src/InjectorDriver.o ./src/SamplerDriver.o ./src/helloworld.o ./src/platform.o   -Wl,--start-group,-lxil,-lgcc,-lc,--end-group
'Finished building target: TestMultiReg.elf'
' '
'Invoking: ARM v7 Print Size'
arm-none-eabi-size TestMultiReg.elf  |tee "TestMultiReg.elf.size"
   text	   data	    bss	    dec	    hex	filename
  81688	   4168	  23488	 109344	  1ab20	TestMultiReg.elf
'Finished building: TestMultiReg.elf.size'
' '
13:18:47 **** Incremental Build of configuration Debug for project TestMultiReg ****
make pre-build main-build 
a9-linaro-pre-build-step
' '
make: Nothing to be done for `main-build'.
13:20:19 **** Auto Build of configuration Debug for project TestMultiReg ****
make pre-build main-build 
a9-linaro-pre-build-step
' '
'Building file: ../src/helloworld.c'
'Invoking: ARM v7 gcc compiler'
arm-none-eabi-gcc -Wall -O0 -g3 -c -fmessage-length=0 -MT"src/helloworld.o" -mcpu=cortex-a9 -mfpu=vfpv3 -mfloat-abi=hard -I../../TestMultiReg_bsp/ps7_cortexa9_0/include -MMD -MP -MF"src/helloworld.d" -MT"src/helloworld.o" -o "src/helloworld.o" "../src/helloworld.c"
'Finished building: ../src/helloworld.c'
' '
'Building target: TestMultiReg.elf'
'Invoking: ARM v7 gcc linker'
arm-none-eabi-gcc -mcpu=cortex-a9 -mfpu=vfpv3 -mfloat-abi=hard -Wl,-build-id=none -specs=Xilinx.spec -Wl,-T -Wl,../src/lscript.ld -L../../TestMultiReg_bsp/ps7_cortexa9_0/lib -o "TestMultiReg.elf"  ./src/InjectorDriver.o ./src/SamplerDriver.o ./src/helloworld.o ./src/platform.o   -Wl,--start-group,-lxil,-lgcc,-lc,--end-group
'Finished building target: TestMultiReg.elf'
' '
'Invoking: ARM v7 Print Size'
arm-none-eabi-size TestMultiReg.elf  |tee "TestMultiReg.elf.size"
   text	   data	    bss	    dec	    hex	filename
  81448	   4168	  23488	 109104	  1aa30	TestMultiReg.elf
'Finished building: TestMultiReg.elf.size'
' '
13:22:49 **** Auto Build of configuration Debug for project TestMultiReg ****
make pre-build main-build 
a9-linaro-pre-build-step
' '
'Building file: ../src/helloworld.c'
'Invoking: ARM v7 gcc compiler'
arm-none-eabi-gcc -Wall -O0 -g3 -c -fmessage-length=0 -MT"src/helloworld.o" -mcpu=cortex-a9 -mfpu=vfpv3 -mfloat-abi=hard -I../../TestMultiReg_bsp/ps7_cortexa9_0/include -MMD -MP -MF"src/helloworld.d" -MT"src/helloworld.o" -o "src/helloworld.o" "../src/helloworld.c"
'Finished building: ../src/helloworld.c'
' '
'Building target: TestMultiReg.elf'
'Invoking: ARM v7 gcc linker'
arm-none-eabi-gcc -mcpu=cortex-a9 -mfpu=vfpv3 -mfloat-abi=hard -Wl,-build-id=none -specs=Xilinx.spec -Wl,-T -Wl,../src/lscript.ld -L../../TestMultiReg_bsp/ps7_cortexa9_0/lib -o "TestMultiReg.elf"  ./src/InjectorDriver.o ./src/SamplerDriver.o ./src/helloworld.o ./src/platform.o   -Wl,--start-group,-lxil,-lgcc,-lc,--end-group
'Finished building target: TestMultiReg.elf'
' '
'Invoking: ARM v7 Print Size'
arm-none-eabi-size TestMultiReg.elf  |tee "TestMultiReg.elf.size"
   text	   data	    bss	    dec	    hex	filename
  81512	   4168	  23488	 109168	  1aa70	TestMultiReg.elf
'Finished building: TestMultiReg.elf.size'
' '
13:23:47 **** Auto Build of configuration Debug for project TestMultiReg ****
make pre-build main-build 
a9-linaro-pre-build-step
' '
'Building file: ../src/helloworld.c'
'Invoking: ARM v7 gcc compiler'
arm-none-eabi-gcc -Wall -O0 -g3 -c -fmessage-length=0 -MT"src/helloworld.o" -mcpu=cortex-a9 -mfpu=vfpv3 -mfloat-abi=hard -I../../TestMultiReg_bsp/ps7_cortexa9_0/include -MMD -MP -MF"src/helloworld.d" -MT"src/helloworld.o" -o "src/helloworld.o" "../src/helloworld.c"
'Finished building: ../src/helloworld.c'
' '
'Building target: TestMultiReg.elf'
'Invoking: ARM v7 gcc linker'
arm-none-eabi-gcc -mcpu=cortex-a9 -mfpu=vfpv3 -mfloat-abi=hard -Wl,-build-id=none -specs=Xilinx.spec -Wl,-T -Wl,../src/lscript.ld -L../../TestMultiReg_bsp/ps7_cortexa9_0/lib -o "TestMultiReg.elf"  ./src/InjectorDriver.o ./src/SamplerDriver.o ./src/helloworld.o ./src/platform.o   -Wl,--start-group,-lxil,-lgcc,-lc,--end-group
'Finished building target: TestMultiReg.elf'
' '
'Invoking: ARM v7 Print Size'
arm-none-eabi-size TestMultiReg.elf  |tee "TestMultiReg.elf.size"
   text	   data	    bss	    dec	    hex	filename
  81512	   4168	  23488	 109168	  1aa70	TestMultiReg.elf
'Finished building: TestMultiReg.elf.size'
' '
13:23:57 **** Auto Build of configuration Debug for project TestMultiReg ****
make pre-build main-build 
a9-linaro-pre-build-step
' '
'Building file: ../src/helloworld.c'
'Invoking: ARM v7 gcc compiler'
arm-none-eabi-gcc -Wall -O0 -g3 -c -fmessage-length=0 -MT"src/helloworld.o" -mcpu=cortex-a9 -mfpu=vfpv3 -mfloat-abi=hard -I../../TestMultiReg_bsp/ps7_cortexa9_0/include -MMD -MP -MF"src/helloworld.d" -MT"src/helloworld.o" -o "src/helloworld.o" "../src/helloworld.c"
'Finished building: ../src/helloworld.c'
' '
'Building target: TestMultiReg.elf'
'Invoking: ARM v7 gcc linker'
arm-none-eabi-gcc -mcpu=cortex-a9 -mfpu=vfpv3 -mfloat-abi=hard -Wl,-build-id=none -specs=Xilinx.spec -Wl,-T -Wl,../src/lscript.ld -L../../TestMultiReg_bsp/ps7_cortexa9_0/lib -o "TestMultiReg.elf"  ./src/InjectorDriver.o ./src/SamplerDriver.o ./src/helloworld.o ./src/platform.o   -Wl,--start-group,-lxil,-lgcc,-lc,--end-group
'Finished building target: TestMultiReg.elf'
' '
'Invoking: ARM v7 Print Size'
arm-none-eabi-size TestMultiReg.elf  |tee "TestMultiReg.elf.size"
   text	   data	    bss	    dec	    hex	filename
  81512	   4168	  23488	 109168	  1aa70	TestMultiReg.elf
'Finished building: TestMultiReg.elf.size'
' '
13:24:25 **** Auto Build of configuration Debug for project TestMultiReg ****
make pre-build main-build 
a9-linaro-pre-build-step
' '
'Building file: ../src/helloworld.c'
'Invoking: ARM v7 gcc compiler'
arm-none-eabi-gcc -Wall -O0 -g3 -c -fmessage-length=0 -MT"src/helloworld.o" -mcpu=cortex-a9 -mfpu=vfpv3 -mfloat-abi=hard -I../../TestMultiReg_bsp/ps7_cortexa9_0/include -MMD -MP -MF"src/helloworld.d" -MT"src/helloworld.o" -o "src/helloworld.o" "../src/helloworld.c"
'Finished building: ../src/helloworld.c'
' '
'Building target: TestMultiReg.elf'
'Invoking: ARM v7 gcc linker'
arm-none-eabi-gcc -mcpu=cortex-a9 -mfpu=vfpv3 -mfloat-abi=hard -Wl,-build-id=none -specs=Xilinx.spec -Wl,-T -Wl,../src/lscript.ld -L../../TestMultiReg_bsp/ps7_cortexa9_0/lib -o "TestMultiReg.elf"  ./src/InjectorDriver.o ./src/SamplerDriver.o ./src/helloworld.o ./src/platform.o   -Wl,--start-group,-lxil,-lgcc,-lc,--end-group
'Finished building target: TestMultiReg.elf'
' '
'Invoking: ARM v7 Print Size'
arm-none-eabi-size TestMultiReg.elf  |tee "TestMultiReg.elf.size"
   text	   data	    bss	    dec	    hex	filename
  81512	   4168	  23488	 109168	  1aa70	TestMultiReg.elf
'Finished building: TestMultiReg.elf.size'
' '
13:30:22 **** Auto Build of configuration Debug for project TestMultiReg ****
make pre-build main-build 
a9-linaro-pre-build-step
' '
'Building file: ../src/helloworld.c'
'Invoking: ARM v7 gcc compiler'
arm-none-eabi-gcc -Wall -O0 -g3 -c -fmessage-length=0 -MT"src/helloworld.o" -mcpu=cortex-a9 -mfpu=vfpv3 -mfloat-abi=hard -I../../TestMultiReg_bsp/ps7_cortexa9_0/include -MMD -MP -MF"src/helloworld.d" -MT"src/helloworld.o" -o "src/helloworld.o" "../src/helloworld.c"
'Finished building: ../src/helloworld.c'
' '
'Building target: TestMultiReg.elf'
'Invoking: ARM v7 gcc linker'
arm-none-eabi-gcc -mcpu=cortex-a9 -mfpu=vfpv3 -mfloat-abi=hard -Wl,-build-id=none -specs=Xilinx.spec -Wl,-T -Wl,../src/lscript.ld -L../../TestMultiReg_bsp/ps7_cortexa9_0/lib -o "TestMultiReg.elf"  ./src/InjectorDriver.o ./src/SamplerDriver.o ./src/helloworld.o ./src/platform.o   -Wl,--start-group,-lxil,-lgcc,-lc,--end-group
'Finished building target: TestMultiReg.elf'
' '
'Invoking: ARM v7 Print Size'
arm-none-eabi-size TestMultiReg.elf  |tee "TestMultiReg.elf.size"
   text	   data	    bss	    dec	    hex	filename
  81512	   4168	  23488	 109168	  1aa70	TestMultiReg.elf
'Finished building: TestMultiReg.elf.size'
' '
13:35:51 **** Auto Build of configuration Debug for project TestMultiReg ****
make pre-build main-build 
a9-linaro-pre-build-step
' '
'Building file: ../src/helloworld.c'
'Invoking: ARM v7 gcc compiler'
arm-none-eabi-gcc -Wall -O0 -g3 -c -fmessage-length=0 -MT"src/helloworld.o" -mcpu=cortex-a9 -mfpu=vfpv3 -mfloat-abi=hard -I../../TestMultiReg_bsp/ps7_cortexa9_0/include -MMD -MP -MF"src/helloworld.d" -MT"src/helloworld.o" -o "src/helloworld.o" "../src/helloworld.c"
../src/helloworld.c: In function 'main':
../src/helloworld.c:422:29: error: 'cnt_initial_samplerr' undeclared (first use in this function); did you mean 'cnt_initial_sampler'?
        difference_sampler = cnt_initial_samplerr - cnt_final_sampler;
                             ^~~~~~~~~~~~~~~~~~~~
                             cnt_initial_sampler
../src/helloworld.c:422:29: note: each undeclared identifier is reported only once for each function it appears in
make: *** [src/helloworld.o] Error 1
13:36:13 **** Auto Build of configuration Debug for project TestMultiReg ****
make pre-build main-build 
a9-linaro-pre-build-step
' '
'Building file: ../src/helloworld.c'
'Invoking: ARM v7 gcc compiler'
arm-none-eabi-gcc -Wall -O0 -g3 -c -fmessage-length=0 -MT"src/helloworld.o" -mcpu=cortex-a9 -mfpu=vfpv3 -mfloat-abi=hard -I../../TestMultiReg_bsp/ps7_cortexa9_0/include -MMD -MP -MF"src/helloworld.d" -MT"src/helloworld.o" -o "src/helloworld.o" "../src/helloworld.c"
'Finished building: ../src/helloworld.c'
' '
'Building target: TestMultiReg.elf'
'Invoking: ARM v7 gcc linker'
arm-none-eabi-gcc -mcpu=cortex-a9 -mfpu=vfpv3 -mfloat-abi=hard -Wl,-build-id=none -specs=Xilinx.spec -Wl,-T -Wl,../src/lscript.ld -L../../TestMultiReg_bsp/ps7_cortexa9_0/lib -o "TestMultiReg.elf"  ./src/InjectorDriver.o ./src/SamplerDriver.o ./src/helloworld.o ./src/platform.o   -Wl,--start-group,-lxil,-lgcc,-lc,--end-group
'Finished building target: TestMultiReg.elf'
' '
'Invoking: ARM v7 Print Size'
arm-none-eabi-size TestMultiReg.elf  |tee "TestMultiReg.elf.size"
   text	   data	    bss	    dec	    hex	filename
  82080	   4168	  23488	 109736	  1aca8	TestMultiReg.elf
'Finished building: TestMultiReg.elf.size'
' '
13:36:49 **** Auto Build of configuration Debug for project TestMultiReg ****
make pre-build main-build 
a9-linaro-pre-build-step
' '
'Building file: ../src/helloworld.c'
'Invoking: ARM v7 gcc compiler'
arm-none-eabi-gcc -Wall -O0 -g3 -c -fmessage-length=0 -MT"src/helloworld.o" -mcpu=cortex-a9 -mfpu=vfpv3 -mfloat-abi=hard -I../../TestMultiReg_bsp/ps7_cortexa9_0/include -MMD -MP -MF"src/helloworld.d" -MT"src/helloworld.o" -o "src/helloworld.o" "../src/helloworld.c"
'Finished building: ../src/helloworld.c'
' '
'Building target: TestMultiReg.elf'
'Invoking: ARM v7 gcc linker'
arm-none-eabi-gcc -mcpu=cortex-a9 -mfpu=vfpv3 -mfloat-abi=hard -Wl,-build-id=none -specs=Xilinx.spec -Wl,-T -Wl,../src/lscript.ld -L../../TestMultiReg_bsp/ps7_cortexa9_0/lib -o "TestMultiReg.elf"  ./src/InjectorDriver.o ./src/SamplerDriver.o ./src/helloworld.o ./src/platform.o   -Wl,--start-group,-lxil,-lgcc,-lc,--end-group
'Finished building target: TestMultiReg.elf'
' '
'Invoking: ARM v7 Print Size'
arm-none-eabi-size TestMultiReg.elf  |tee "TestMultiReg.elf.size"
   text	   data	    bss	    dec	    hex	filename
  82080	   4168	  23488	 109736	  1aca8	TestMultiReg.elf
'Finished building: TestMultiReg.elf.size'
' '
13:46:53 **** Auto Build of configuration Debug for project TestMultiReg ****
make pre-build main-build 
a9-linaro-pre-build-step
' '
'Building file: ../src/helloworld.c'
'Invoking: ARM v7 gcc compiler'
arm-none-eabi-gcc -Wall -O0 -g3 -c -fmessage-length=0 -MT"src/helloworld.o" -mcpu=cortex-a9 -mfpu=vfpv3 -mfloat-abi=hard -I../../TestMultiReg_bsp/ps7_cortexa9_0/include -MMD -MP -MF"src/helloworld.d" -MT"src/helloworld.o" -o "src/helloworld.o" "../src/helloworld.c"
'Finished building: ../src/helloworld.c'
' '
'Building target: TestMultiReg.elf'
'Invoking: ARM v7 gcc linker'
arm-none-eabi-gcc -mcpu=cortex-a9 -mfpu=vfpv3 -mfloat-abi=hard -Wl,-build-id=none -specs=Xilinx.spec -Wl,-T -Wl,../src/lscript.ld -L../../TestMultiReg_bsp/ps7_cortexa9_0/lib -o "TestMultiReg.elf"  ./src/InjectorDriver.o ./src/SamplerDriver.o ./src/helloworld.o ./src/platform.o   -Wl,--start-group,-lxil,-lgcc,-lc,--end-group
'Finished building target: TestMultiReg.elf'
' '
'Invoking: ARM v7 Print Size'
arm-none-eabi-size TestMultiReg.elf  |tee "TestMultiReg.elf.size"
   text	   data	    bss	    dec	    hex	filename
  82080	   4168	  23488	 109736	  1aca8	TestMultiReg.elf
'Finished building: TestMultiReg.elf.size'
' '
13:47:08 **** Auto Build of configuration Debug for project TestMultiReg ****
make pre-build main-build 
a9-linaro-pre-build-step
' '
'Building file: ../src/helloworld.c'
'Invoking: ARM v7 gcc compiler'
arm-none-eabi-gcc -Wall -O0 -g3 -c -fmessage-length=0 -MT"src/helloworld.o" -mcpu=cortex-a9 -mfpu=vfpv3 -mfloat-abi=hard -I../../TestMultiReg_bsp/ps7_cortexa9_0/include -MMD -MP -MF"src/helloworld.d" -MT"src/helloworld.o" -o "src/helloworld.o" "../src/helloworld.c"
'Finished building: ../src/helloworld.c'
' '
'Building target: TestMultiReg.elf'
'Invoking: ARM v7 gcc linker'
arm-none-eabi-gcc -mcpu=cortex-a9 -mfpu=vfpv3 -mfloat-abi=hard -Wl,-build-id=none -specs=Xilinx.spec -Wl,-T -Wl,../src/lscript.ld -L../../TestMultiReg_bsp/ps7_cortexa9_0/lib -o "TestMultiReg.elf"  ./src/InjectorDriver.o ./src/SamplerDriver.o ./src/helloworld.o ./src/platform.o   -Wl,--start-group,-lxil,-lgcc,-lc,--end-group
'Finished building target: TestMultiReg.elf'
' '
'Invoking: ARM v7 Print Size'
arm-none-eabi-size TestMultiReg.elf  |tee "TestMultiReg.elf.size"
   text	   data	    bss	    dec	    hex	filename
  82080	   4168	  23488	 109736	  1aca8	TestMultiReg.elf
'Finished building: TestMultiReg.elf.size'
' '
13:47:57 **** Auto Build of configuration Debug for project TestMultiReg ****
make pre-build main-build 
a9-linaro-pre-build-step
' '
'Building file: ../src/helloworld.c'
'Invoking: ARM v7 gcc compiler'
arm-none-eabi-gcc -Wall -O0 -g3 -c -fmessage-length=0 -MT"src/helloworld.o" -mcpu=cortex-a9 -mfpu=vfpv3 -mfloat-abi=hard -I../../TestMultiReg_bsp/ps7_cortexa9_0/include -MMD -MP -MF"src/helloworld.d" -MT"src/helloworld.o" -o "src/helloworld.o" "../src/helloworld.c"
'Finished building: ../src/helloworld.c'
' '
'Building target: TestMultiReg.elf'
'Invoking: ARM v7 gcc linker'
arm-none-eabi-gcc -mcpu=cortex-a9 -mfpu=vfpv3 -mfloat-abi=hard -Wl,-build-id=none -specs=Xilinx.spec -Wl,-T -Wl,../src/lscript.ld -L../../TestMultiReg_bsp/ps7_cortexa9_0/lib -o "TestMultiReg.elf"  ./src/InjectorDriver.o ./src/SamplerDriver.o ./src/helloworld.o ./src/platform.o   -Wl,--start-group,-lxil,-lgcc,-lc,--end-group
'Finished building target: TestMultiReg.elf'
' '
'Invoking: ARM v7 Print Size'
arm-none-eabi-size TestMultiReg.elf  |tee "TestMultiReg.elf.size"
   text	   data	    bss	    dec	    hex	filename
  82144	   4168	  23488	 109800	  1ace8	TestMultiReg.elf
'Finished building: TestMultiReg.elf.size'
' '
13:48:11 **** Incremental Build of configuration Debug for project TestMultiReg ****
make pre-build main-build 
a9-linaro-pre-build-step
' '
make: Nothing to be done for `main-build'.
14:08:39 **** Auto Build of configuration Debug for project TestMultiReg ****
make pre-build main-build 
a9-linaro-pre-build-step
' '
'Building file: ../src/helloworld.c'
'Invoking: ARM v7 gcc compiler'
arm-none-eabi-gcc -Wall -O0 -g3 -c -fmessage-length=0 -MT"src/helloworld.o" -mcpu=cortex-a9 -mfpu=vfpv3 -mfloat-abi=hard -I../../TestMultiReg_bsp/ps7_cortexa9_0/include -MMD -MP -MF"src/helloworld.d" -MT"src/helloworld.o" -o "src/helloworld.o" "../src/helloworld.c"
../src/helloworld.c: In function 'main':
../src/helloworld.c:431:5: warning: this 'while' clause does not guard... [-Wmisleading-indentation]
     while(1);
     ^~~~~
../src/helloworld.c:435:7: note: ...this statement, but the latter is misleadingly indented as if it were guarded by the 'while'
       xil_printf("\n\r Should not have gotten this far!");
       ^~~~~~~~~~
'Finished building: ../src/helloworld.c'
' '
'Building target: TestMultiReg.elf'
'Invoking: ARM v7 gcc linker'
arm-none-eabi-gcc -mcpu=cortex-a9 -mfpu=vfpv3 -mfloat-abi=hard -Wl,-build-id=none -specs=Xilinx.spec -Wl,-T -Wl,../src/lscript.ld -L../../TestMultiReg_bsp/ps7_cortexa9_0/lib -o "TestMultiReg.elf"  ./src/InjectorDriver.o ./src/SamplerDriver.o ./src/helloworld.o ./src/platform.o   -Wl,--start-group,-lxil,-lgcc,-lc,--end-group
'Finished building target: TestMultiReg.elf'
' '
'Invoking: ARM v7 Print Size'
arm-none-eabi-size TestMultiReg.elf  |tee "TestMultiReg.elf.size"
   text	   data	    bss	    dec	    hex	filename
  82144	   4168	  23488	 109800	  1ace8	TestMultiReg.elf
'Finished building: TestMultiReg.elf.size'
' '
14:09:23 **** Auto Build of configuration Debug for project TestMultiReg ****
make pre-build main-build 
a9-linaro-pre-build-step
' '
'Building file: ../src/helloworld.c'
'Invoking: ARM v7 gcc compiler'
arm-none-eabi-gcc -Wall -O0 -g3 -c -fmessage-length=0 -MT"src/helloworld.o" -mcpu=cortex-a9 -mfpu=vfpv3 -mfloat-abi=hard -I../../TestMultiReg_bsp/ps7_cortexa9_0/include -MMD -MP -MF"src/helloworld.d" -MT"src/helloworld.o" -o "src/helloworld.o" "../src/helloworld.c"
../src/helloworld.c: In function 'main':
../src/helloworld.c:431:5: warning: this 'while' clause does not guard... [-Wmisleading-indentation]
     while(1);
     ^~~~~
../src/helloworld.c:435:7: note: ...this statement, but the latter is misleadingly indented as if it were guarded by the 'while'
       xil_printf("\n\r Should not have gotten this far!");
       ^~~~~~~~~~
'Finished building: ../src/helloworld.c'
' '
'Building target: TestMultiReg.elf'
'Invoking: ARM v7 gcc linker'
arm-none-eabi-gcc -mcpu=cortex-a9 -mfpu=vfpv3 -mfloat-abi=hard -Wl,-build-id=none -specs=Xilinx.spec -Wl,-T -Wl,../src/lscript.ld -L../../TestMultiReg_bsp/ps7_cortexa9_0/lib -o "TestMultiReg.elf"  ./src/InjectorDriver.o ./src/SamplerDriver.o ./src/helloworld.o ./src/platform.o   -Wl,--start-group,-lxil,-lgcc,-lc,--end-group
'Finished building target: TestMultiReg.elf'
' '
'Invoking: ARM v7 Print Size'
arm-none-eabi-size TestMultiReg.elf  |tee "TestMultiReg.elf.size"
   text	   data	    bss	    dec	    hex	filename
  82144	   4168	  23488	 109800	  1ace8	TestMultiReg.elf
'Finished building: TestMultiReg.elf.size'
' '
14:09:57 **** Auto Build of configuration Debug for project TestMultiReg ****
make pre-build main-build 
a9-linaro-pre-build-step
' '
'Building file: ../src/helloworld.c'
'Invoking: ARM v7 gcc compiler'
arm-none-eabi-gcc -Wall -O0 -g3 -c -fmessage-length=0 -MT"src/helloworld.o" -mcpu=cortex-a9 -mfpu=vfpv3 -mfloat-abi=hard -I../../TestMultiReg_bsp/ps7_cortexa9_0/include -MMD -MP -MF"src/helloworld.d" -MT"src/helloworld.o" -o "src/helloworld.o" "../src/helloworld.c"
'Finished building: ../src/helloworld.c'
' '
'Building target: TestMultiReg.elf'
'Invoking: ARM v7 gcc linker'
arm-none-eabi-gcc -mcpu=cortex-a9 -mfpu=vfpv3 -mfloat-abi=hard -Wl,-build-id=none -specs=Xilinx.spec -Wl,-T -Wl,../src/lscript.ld -L../../TestMultiReg_bsp/ps7_cortexa9_0/lib -o "TestMultiReg.elf"  ./src/InjectorDriver.o ./src/SamplerDriver.o ./src/helloworld.o ./src/platform.o   -Wl,--start-group,-lxil,-lgcc,-lc,--end-group
'Finished building target: TestMultiReg.elf'
' '
'Invoking: ARM v7 Print Size'
arm-none-eabi-size TestMultiReg.elf  |tee "TestMultiReg.elf.size"
   text	   data	    bss	    dec	    hex	filename
  82144	   4168	  23488	 109800	  1ace8	TestMultiReg.elf
'Finished building: TestMultiReg.elf.size'
' '
14:11:52 **** Auto Build of configuration Debug for project TestMultiReg ****
make pre-build main-build 
a9-linaro-pre-build-step
' '
'Building file: ../src/helloworld.c'
'Invoking: ARM v7 gcc compiler'
arm-none-eabi-gcc -Wall -O0 -g3 -c -fmessage-length=0 -MT"src/helloworld.o" -mcpu=cortex-a9 -mfpu=vfpv3 -mfloat-abi=hard -I../../TestMultiReg_bsp/ps7_cortexa9_0/include -MMD -MP -MF"src/helloworld.d" -MT"src/helloworld.o" -o "src/helloworld.o" "../src/helloworld.c"
'Finished building: ../src/helloworld.c'
' '
'Building target: TestMultiReg.elf'
'Invoking: ARM v7 gcc linker'
arm-none-eabi-gcc -mcpu=cortex-a9 -mfpu=vfpv3 -mfloat-abi=hard -Wl,-build-id=none -specs=Xilinx.spec -Wl,-T -Wl,../src/lscript.ld -L../../TestMultiReg_bsp/ps7_cortexa9_0/lib -o "TestMultiReg.elf"  ./src/InjectorDriver.o ./src/SamplerDriver.o ./src/helloworld.o ./src/platform.o   -Wl,--start-group,-lxil,-lgcc,-lc,--end-group
'Finished building target: TestMultiReg.elf'
' '
'Invoking: ARM v7 Print Size'
arm-none-eabi-size TestMultiReg.elf  |tee "TestMultiReg.elf.size"
   text	   data	    bss	    dec	    hex	filename
  82144	   4168	  23488	 109800	  1ace8	TestMultiReg.elf
'Finished building: TestMultiReg.elf.size'
' '
14:12:28 **** Auto Build of configuration Debug for project TestMultiReg ****
make pre-build main-build 
a9-linaro-pre-build-step
' '
'Building file: ../src/helloworld.c'
'Invoking: ARM v7 gcc compiler'
arm-none-eabi-gcc -Wall -O0 -g3 -c -fmessage-length=0 -MT"src/helloworld.o" -mcpu=cortex-a9 -mfpu=vfpv3 -mfloat-abi=hard -I../../TestMultiReg_bsp/ps7_cortexa9_0/include -MMD -MP -MF"src/helloworld.d" -MT"src/helloworld.o" -o "src/helloworld.o" "../src/helloworld.c"
'Finished building: ../src/helloworld.c'
' '
'Building target: TestMultiReg.elf'
'Invoking: ARM v7 gcc linker'
arm-none-eabi-gcc -mcpu=cortex-a9 -mfpu=vfpv3 -mfloat-abi=hard -Wl,-build-id=none -specs=Xilinx.spec -Wl,-T -Wl,../src/lscript.ld -L../../TestMultiReg_bsp/ps7_cortexa9_0/lib -o "TestMultiReg.elf"  ./src/InjectorDriver.o ./src/SamplerDriver.o ./src/helloworld.o ./src/platform.o   -Wl,--start-group,-lxil,-lgcc,-lc,--end-group
'Finished building target: TestMultiReg.elf'
' '
'Invoking: ARM v7 Print Size'
arm-none-eabi-size TestMultiReg.elf  |tee "TestMultiReg.elf.size"
   text	   data	    bss	    dec	    hex	filename
  82144	   4168	  23488	 109800	  1ace8	TestMultiReg.elf
'Finished building: TestMultiReg.elf.size'
' '
14:21:44 **** Auto Build of configuration Debug for project TestMultiReg ****
make pre-build main-build 
a9-linaro-pre-build-step
' '
'Building file: ../src/helloworld.c'
'Invoking: ARM v7 gcc compiler'
arm-none-eabi-gcc -Wall -O0 -g3 -c -fmessage-length=0 -MT"src/helloworld.o" -mcpu=cortex-a9 -mfpu=vfpv3 -mfloat-abi=hard -I../../TestMultiReg_bsp/ps7_cortexa9_0/include -MMD -MP -MF"src/helloworld.d" -MT"src/helloworld.o" -o "src/helloworld.o" "../src/helloworld.c"
'Finished building: ../src/helloworld.c'
' '
'Building target: TestMultiReg.elf'
'Invoking: ARM v7 gcc linker'
arm-none-eabi-gcc -mcpu=cortex-a9 -mfpu=vfpv3 -mfloat-abi=hard -Wl,-build-id=none -specs=Xilinx.spec -Wl,-T -Wl,../src/lscript.ld -L../../TestMultiReg_bsp/ps7_cortexa9_0/lib -o "TestMultiReg.elf"  ./src/InjectorDriver.o ./src/SamplerDriver.o ./src/helloworld.o ./src/platform.o   -Wl,--start-group,-lxil,-lgcc,-lc,--end-group
'Finished building target: TestMultiReg.elf'
' '
'Invoking: ARM v7 Print Size'
arm-none-eabi-size TestMultiReg.elf  |tee "TestMultiReg.elf.size"
   text	   data	    bss	    dec	    hex	filename
  82144	   4168	  23488	 109800	  1ace8	TestMultiReg.elf
'Finished building: TestMultiReg.elf.size'
' '
14:21:58 **** Incremental Build of configuration Debug for project TestMultiReg ****
make pre-build main-build 
a9-linaro-pre-build-step
' '
make: Nothing to be done for `main-build'.
14:25:12 **** Auto Build of configuration Debug for project TestMultiReg ****
make pre-build main-build 
a9-linaro-pre-build-step
' '
'Building file: ../src/helloworld.c'
'Invoking: ARM v7 gcc compiler'
arm-none-eabi-gcc -Wall -O0 -g3 -c -fmessage-length=0 -MT"src/helloworld.o" -mcpu=cortex-a9 -mfpu=vfpv3 -mfloat-abi=hard -I../../TestMultiReg_bsp/ps7_cortexa9_0/include -MMD -MP -MF"src/helloworld.d" -MT"src/helloworld.o" -o "src/helloworld.o" "../src/helloworld.c"
'Finished building: ../src/helloworld.c'
' '
'Building target: TestMultiReg.elf'
'Invoking: ARM v7 gcc linker'
arm-none-eabi-gcc -mcpu=cortex-a9 -mfpu=vfpv3 -mfloat-abi=hard -Wl,-build-id=none -specs=Xilinx.spec -Wl,-T -Wl,../src/lscript.ld -L../../TestMultiReg_bsp/ps7_cortexa9_0/lib -o "TestMultiReg.elf"  ./src/InjectorDriver.o ./src/SamplerDriver.o ./src/helloworld.o ./src/platform.o   -Wl,--start-group,-lxil,-lgcc,-lc,--end-group
'Finished building target: TestMultiReg.elf'
' '
'Invoking: ARM v7 Print Size'
arm-none-eabi-size TestMultiReg.elf  |tee "TestMultiReg.elf.size"
   text	   data	    bss	    dec	    hex	filename
  82144	   4168	  23488	 109800	  1ace8	TestMultiReg.elf
'Finished building: TestMultiReg.elf.size'
' '
14:25:27 **** Incremental Build of configuration Debug for project TestMultiReg ****
make pre-build main-build 
a9-linaro-pre-build-step
' '
make: Nothing to be done for `main-build'.
14:26:52 **** Auto Build of configuration Debug for project TestMultiReg ****
make pre-build main-build 
a9-linaro-pre-build-step
' '
'Building file: ../src/helloworld.c'
'Invoking: ARM v7 gcc compiler'
arm-none-eabi-gcc -Wall -O0 -g3 -c -fmessage-length=0 -MT"src/helloworld.o" -mcpu=cortex-a9 -mfpu=vfpv3 -mfloat-abi=hard -I../../TestMultiReg_bsp/ps7_cortexa9_0/include -MMD -MP -MF"src/helloworld.d" -MT"src/helloworld.o" -o "src/helloworld.o" "../src/helloworld.c"
'Finished building: ../src/helloworld.c'
' '
'Building target: TestMultiReg.elf'
'Invoking: ARM v7 gcc linker'
arm-none-eabi-gcc -mcpu=cortex-a9 -mfpu=vfpv3 -mfloat-abi=hard -Wl,-build-id=none -specs=Xilinx.spec -Wl,-T -Wl,../src/lscript.ld -L../../TestMultiReg_bsp/ps7_cortexa9_0/lib -o "TestMultiReg.elf"  ./src/InjectorDriver.o ./src/SamplerDriver.o ./src/helloworld.o ./src/platform.o   -Wl,--start-group,-lxil,-lgcc,-lc,--end-group
'Finished building target: TestMultiReg.elf'
' '
'Invoking: ARM v7 Print Size'
arm-none-eabi-size TestMultiReg.elf  |tee "TestMultiReg.elf.size"
   text	   data	    bss	    dec	    hex	filename
  82144	   4168	  23488	 109800	  1ace8	TestMultiReg.elf
'Finished building: TestMultiReg.elf.size'
' '
14:28:32 **** Incremental Build of configuration Debug for project TestMultiReg ****
make pre-build main-build 
a9-linaro-pre-build-step
' '
make: Nothing to be done for `main-build'.
14:31:23 **** Auto Build of configuration Debug for project TestMultiReg ****
make pre-build main-build 
a9-linaro-pre-build-step
' '
'Building file: ../src/helloworld.c'
'Invoking: ARM v7 gcc compiler'
arm-none-eabi-gcc -Wall -O0 -g3 -c -fmessage-length=0 -MT"src/helloworld.o" -mcpu=cortex-a9 -mfpu=vfpv3 -mfloat-abi=hard -I../../TestMultiReg_bsp/ps7_cortexa9_0/include -MMD -MP -MF"src/helloworld.d" -MT"src/helloworld.o" -o "src/helloworld.o" "../src/helloworld.c"
'Finished building: ../src/helloworld.c'
' '
'Building target: TestMultiReg.elf'
'Invoking: ARM v7 gcc linker'
arm-none-eabi-gcc -mcpu=cortex-a9 -mfpu=vfpv3 -mfloat-abi=hard -Wl,-build-id=none -specs=Xilinx.spec -Wl,-T -Wl,../src/lscript.ld -L../../TestMultiReg_bsp/ps7_cortexa9_0/lib -o "TestMultiReg.elf"  ./src/InjectorDriver.o ./src/SamplerDriver.o ./src/helloworld.o ./src/platform.o   -Wl,--start-group,-lxil,-lgcc,-lc,--end-group
'Finished building target: TestMultiReg.elf'
' '
'Invoking: ARM v7 Print Size'
arm-none-eabi-size TestMultiReg.elf  |tee "TestMultiReg.elf.size"
   text	   data	    bss	    dec	    hex	filename
  82328	   4168	  23488	 109984	  1ada0	TestMultiReg.elf
'Finished building: TestMultiReg.elf.size'
' '
14:31:55 **** Auto Build of configuration Debug for project TestMultiReg ****
make pre-build main-build 
a9-linaro-pre-build-step
' '
'Building file: ../src/helloworld.c'
'Invoking: ARM v7 gcc compiler'
arm-none-eabi-gcc -Wall -O0 -g3 -c -fmessage-length=0 -MT"src/helloworld.o" -mcpu=cortex-a9 -mfpu=vfpv3 -mfloat-abi=hard -I../../TestMultiReg_bsp/ps7_cortexa9_0/include -MMD -MP -MF"src/helloworld.d" -MT"src/helloworld.o" -o "src/helloworld.o" "../src/helloworld.c"
'Finished building: ../src/helloworld.c'
' '
'Building target: TestMultiReg.elf'
'Invoking: ARM v7 gcc linker'
arm-none-eabi-gcc -mcpu=cortex-a9 -mfpu=vfpv3 -mfloat-abi=hard -Wl,-build-id=none -specs=Xilinx.spec -Wl,-T -Wl,../src/lscript.ld -L../../TestMultiReg_bsp/ps7_cortexa9_0/lib -o "TestMultiReg.elf"  ./src/InjectorDriver.o ./src/SamplerDriver.o ./src/helloworld.o ./src/platform.o   -Wl,--start-group,-lxil,-lgcc,-lc,--end-group
'Finished building target: TestMultiReg.elf'
' '
'Invoking: ARM v7 Print Size'
arm-none-eabi-size TestMultiReg.elf  |tee "TestMultiReg.elf.size"
   text	   data	    bss	    dec	    hex	filename
  82328	   4168	  23488	 109984	  1ada0	TestMultiReg.elf
'Finished building: TestMultiReg.elf.size'
' '
14:32:17 **** Incremental Build of configuration Debug for project TestMultiReg ****
make pre-build main-build 
a9-linaro-pre-build-step
' '
make: Nothing to be done for `main-build'.
15:08:31 **** Auto Build of configuration Debug for project TestMultiReg ****
make pre-build main-build 
a9-linaro-pre-build-step
' '
'Building file: ../src/helloworld.c'
'Invoking: ARM v7 gcc compiler'
arm-none-eabi-gcc -Wall -O0 -g3 -c -fmessage-length=0 -MT"src/helloworld.o" -mcpu=cortex-a9 -mfpu=vfpv3 -mfloat-abi=hard -I../../TestMultiReg_bsp/ps7_cortexa9_0/include -MMD -MP -MF"src/helloworld.d" -MT"src/helloworld.o" -o "src/helloworld.o" "../src/helloworld.c"
'Finished building: ../src/helloworld.c'
' '
'Building target: TestMultiReg.elf'
'Invoking: ARM v7 gcc linker'
arm-none-eabi-gcc -mcpu=cortex-a9 -mfpu=vfpv3 -mfloat-abi=hard -Wl,-build-id=none -specs=Xilinx.spec -Wl,-T -Wl,../src/lscript.ld -L../../TestMultiReg_bsp/ps7_cortexa9_0/lib -o "TestMultiReg.elf"  ./src/InjectorDriver.o ./src/SamplerDriver.o ./src/helloworld.o ./src/platform.o   -Wl,--start-group,-lxil,-lgcc,-lc,--end-group
'Finished building target: TestMultiReg.elf'
' '
'Invoking: ARM v7 Print Size'
arm-none-eabi-size TestMultiReg.elf  |tee "TestMultiReg.elf.size"
   text	   data	    bss	    dec	    hex	filename
  82328	   4168	  23488	 109984	  1ada0	TestMultiReg.elf
'Finished building: TestMultiReg.elf.size'
' '
13:18:06 **** Build of project TestMultiReg_bsp ****
make -k all 
"Running Make include in ps7_cortexa9_0/libsrc/ClockDivider_v1_0/src"
make -C ps7_cortexa9_0/libsrc/ClockDivider_v1_0/src -s include  "SHELL=CMD" "COMPILER=arm-none-eabi-gcc" "ARCHIVER=arm-none-eabi-ar" "COMPILER_FLAGS=  -O2 -c" "EXTRA_COMPILER_FLAGS=-mcpu=cortex-a9 -mfpu=vfpv3 -mfloat-abi=hard -nostartfiles -g -Wall -Wextra"
"Running Make include in ps7_cortexa9_0/libsrc/coresightps_dcc_v1_4/src"
make -C ps7_cortexa9_0/libsrc/coresightps_dcc_v1_4/src -s include  "SHELL=CMD" "COMPILER=arm-none-eabi-gcc" "ARCHIVER=arm-none-eabi-ar" "COMPILER_FLAGS=  -O2 -c" "EXTRA_COMPILER_FLAGS=-mcpu=cortex-a9 -mfpu=vfpv3 -mfloat-abi=hard -nostartfiles -g -Wall -Wextra"
"Running Make include in ps7_cortexa9_0/libsrc/cpu_cortexa9_v2_6/src"
make -C ps7_cortexa9_0/libsrc/cpu_cortexa9_v2_6/src -s include  "SHELL=CMD" "COMPILER=arm-none-eabi-gcc" "ARCHIVER=arm-none-eabi-ar" "COMPILER_FLAGS=  -O2 -c" "EXTRA_COMPILER_FLAGS=-mcpu=cortex-a9 -mfpu=vfpv3 -mfloat-abi=hard -nostartfiles -g -Wall -Wextra"
"Running Make include in ps7_cortexa9_0/libsrc/ddrps_v1_0/src"
make -C ps7_cortexa9_0/libsrc/ddrps_v1_0/src -s include  "SHELL=CMD" "COMPILER=arm-none-eabi-gcc" "ARCHIVER=arm-none-eabi-ar" "COMPILER_FLAGS=  -O2 -c" "EXTRA_COMPILER_FLAGS=-mcpu=cortex-a9 -mfpu=vfpv3 -mfloat-abi=hard -nostartfiles -g -Wall -Wextra"
"Running Make include in ps7_cortexa9_0/libsrc/devcfg_v3_5/src"
make -C ps7_cortexa9_0/libsrc/devcfg_v3_5/src -s include  "SHELL=CMD" "COMPILER=arm-none-eabi-gcc" "ARCHIVER=arm-none-eabi-ar" "COMPILER_FLAGS=  -O2 -c" "EXTRA_COMPILER_FLAGS=-mcpu=cortex-a9 -mfpu=vfpv3 -mfloat-abi=hard -nostartfiles -g -Wall -Wextra"
"Running Make include in ps7_cortexa9_0/libsrc/dmaps_v2_3/src"
make -C ps7_cortexa9_0/libsrc/dmaps_v2_3/src -s include  "SHELL=CMD" "COMPILER=arm-none-eabi-gcc" "ARCHIVER=arm-none-eabi-ar" "COMPILER_FLAGS=  -O2 -c" "EXTRA_COMPILER_FLAGS=-mcpu=cortex-a9 -mfpu=vfpv3 -mfloat-abi=hard -nostartfiles -g -Wall -Wextra"
"Running Make include in ps7_cortexa9_0/libsrc/InterruptMultiReg_v1_0/src"
make -C ps7_cortexa9_0/libsrc/InterruptMultiReg_v1_0/src -s include  "SHELL=CMD" "COMPILER=arm-none-eabi-gcc" "ARCHIVER=arm-none-eabi-ar" "COMPILER_FLAGS=  -O2 -c" "EXTRA_COMPILER_FLAGS=-mcpu=cortex-a9 -mfpu=vfpv3 -mfloat-abi=hard -nostartfiles -g -Wall -Wextra"
"Running Make include in ps7_cortexa9_0/libsrc/scugic_v3_9/src"
make -C ps7_cortexa9_0/libsrc/scugic_v3_9/src -s include  "SHELL=CMD" "COMPILER=arm-none-eabi-gcc" "ARCHIVER=arm-none-eabi-ar" "COMPILER_FLAGS=  -O2 -c" "EXTRA_COMPILER_FLAGS=-mcpu=cortex-a9 -mfpu=vfpv3 -mfloat-abi=hard -nostartfiles -g -Wall -Wextra"
"Running Make include in ps7_cortexa9_0/libsrc/scutimer_v2_1/src"
make -C ps7_cortexa9_0/libsrc/scutimer_v2_1/src -s include  "SHELL=CMD" "COMPILER=arm-none-eabi-gcc" "ARCHIVER=arm-none-eabi-ar" "COMPILER_FLAGS=  -O2 -c" "EXTRA_COMPILER_FLAGS=-mcpu=cortex-a9 -mfpu=vfpv3 -mfloat-abi=hard -nostartfiles -g -Wall -Wextra"
"Running Make include in ps7_cortexa9_0/libsrc/scuwdt_v2_1/src"
make -C ps7_cortexa9_0/libsrc/scuwdt_v2_1/src -s include  "SHELL=CMD" "COMPILER=arm-none-eabi-gcc" "ARCHIVER=arm-none-eabi-ar" "COMPILER_FLAGS=  -O2 -c" "EXTRA_COMPILER_FLAGS=-mcpu=cortex-a9 -mfpu=vfpv3 -mfloat-abi=hard -nostartfiles -g -Wall -Wextra"
"Running Make include in ps7_cortexa9_0/libsrc/standalone_v6_7/src"
make -C ps7_cortexa9_0/libsrc/standalone_v6_7/src -s include  "SHELL=CMD" "COMPILER=arm-none-eabi-gcc" "ARCHIVER=arm-none-eabi-ar" "COMPILER_FLAGS=  -O2 -c" "EXTRA_COMPILER_FLAGS=-mcpu=cortex-a9 -mfpu=vfpv3 -mfloat-abi=hard -nostartfiles -g -Wall -Wextra"
"Running Make include in ps7_cortexa9_0/libsrc/ttcps_v3_6/src"
make -C ps7_cortexa9_0/libsrc/ttcps_v3_6/src -s include  "SHELL=CMD" "COMPILER=arm-none-eabi-gcc" "ARCHIVER=arm-none-eabi-ar" "COMPILER_FLAGS=  -O2 -c" "EXTRA_COMPILER_FLAGS=-mcpu=cortex-a9 -mfpu=vfpv3 -mfloat-abi=hard -nostartfiles -g -Wall -Wextra"
"Running Make include in ps7_cortexa9_0/libsrc/uartps_v3_6/src"
make -C ps7_cortexa9_0/libsrc/uartps_v3_6/src -s include  "SHELL=CMD" "COMPILER=arm-none-eabi-gcc" "ARCHIVER=arm-none-eabi-ar" "COMPILER_FLAGS=  -O2 -c" "EXTRA_COMPILER_FLAGS=-mcpu=cortex-a9 -mfpu=vfpv3 -mfloat-abi=hard -nostartfiles -g -Wall -Wextra"
"Running Make include in ps7_cortexa9_0/libsrc/xadcps_v2_2/src"
make -C ps7_cortexa9_0/libsrc/xadcps_v2_2/src -s include  "SHELL=CMD" "COMPILER=arm-none-eabi-gcc" "ARCHIVER=arm-none-eabi-ar" "COMPILER_FLAGS=  -O2 -c" "EXTRA_COMPILER_FLAGS=-mcpu=cortex-a9 -mfpu=vfpv3 -mfloat-abi=hard -nostartfiles -g -Wall -Wextra"
"Running Make libs in ps7_cortexa9_0/libsrc/ClockDivider_v1_0/src"
make -C ps7_cortexa9_0/libsrc/ClockDivider_v1_0/src -s libs  "SHELL=CMD" "COMPILER=arm-none-eabi-gcc" "ARCHIVER=arm-none-eabi-ar" "COMPILER_FLAGS=  -O2 -c" "EXTRA_COMPILER_FLAGS=-mcpu=cortex-a9 -mfpu=vfpv3 -mfloat-abi=hard -nostartfiles -g -Wall -Wextra"
"Compiling ClockDivider..."
"Running Make libs in ps7_cortexa9_0/libsrc/coresightps_dcc_v1_4/src"
make -C ps7_cortexa9_0/libsrc/coresightps_dcc_v1_4/src -s libs  "SHELL=CMD" "COMPILER=arm-none-eabi-gcc" "ARCHIVER=arm-none-eabi-ar" "COMPILER_FLAGS=  -O2 -c" "EXTRA_COMPILER_FLAGS=-mcpu=cortex-a9 -mfpu=vfpv3 -mfloat-abi=hard -nostartfiles -g -Wall -Wextra"
"Compiling coresightps_dcc"
"Running Make libs in ps7_cortexa9_0/libsrc/cpu_cortexa9_v2_6/src"
make -C ps7_cortexa9_0/libsrc/cpu_cortexa9_v2_6/src -s libs  "SHELL=CMD" "COMPILER=arm-none-eabi-gcc" "ARCHIVER=arm-none-eabi-ar" "COMPILER_FLAGS=  -O2 -c" "EXTRA_COMPILER_FLAGS=-mcpu=cortex-a9 -mfpu=vfpv3 -mfloat-abi=hard -nostartfiles -g -Wall -Wextra"
"Compiling cpu_cortexa9"
"Running Make libs in ps7_cortexa9_0/libsrc/ddrps_v1_0/src"
make -C ps7_cortexa9_0/libsrc/ddrps_v1_0/src -s libs  "SHELL=CMD" "COMPILER=arm-none-eabi-gcc" "ARCHIVER=arm-none-eabi-ar" "COMPILER_FLAGS=  -O2 -c" "EXTRA_COMPILER_FLAGS=-mcpu=cortex-a9 -mfpu=vfpv3 -mfloat-abi=hard -nostartfiles -g -Wall -Wextra"
"Compiling ddrps"
"Running Make libs in ps7_cortexa9_0/libsrc/devcfg_v3_5/src"
make -C ps7_cortexa9_0/libsrc/devcfg_v3_5/src -s libs  "SHELL=CMD" "COMPILER=arm-none-eabi-gcc" "ARCHIVER=arm-none-eabi-ar" "COMPILER_FLAGS=  -O2 -c" "EXTRA_COMPILER_FLAGS=-mcpu=cortex-a9 -mfpu=vfpv3 -mfloat-abi=hard -nostartfiles -g -Wall -Wextra"
"Compiling devcfg"
"Running Make libs in ps7_cortexa9_0/libsrc/dmaps_v2_3/src"
make -C ps7_cortexa9_0/libsrc/dmaps_v2_3/src -s libs  "SHELL=CMD" "COMPILER=arm-none-eabi-gcc" "ARCHIVER=arm-none-eabi-ar" "COMPILER_FLAGS=  -O2 -c" "EXTRA_COMPILER_FLAGS=-mcpu=cortex-a9 -mfpu=vfpv3 -mfloat-abi=hard -nostartfiles -g -Wall -Wextra"
"Compiling dmaps"
"Running Make libs in ps7_cortexa9_0/libsrc/InterruptMultiReg_v1_0/src"
make -C ps7_cortexa9_0/libsrc/InterruptMultiReg_v1_0/src -s libs  "SHELL=CMD" "COMPILER=arm-none-eabi-gcc" "ARCHIVER=arm-none-eabi-ar" "COMPILER_FLAGS=  -O2 -c" "EXTRA_COMPILER_FLAGS=-mcpu=cortex-a9 -mfpu=vfpv3 -mfloat-abi=hard -nostartfiles -g -Wall -Wextra"
"Compiling InterruptMultiReg..."
InterruptMultiReg_selftest.c: In function 'INTERRUPTMULTIREG_Reg_SelfTest':
InterruptMultiReg_selftest.c:52:66: warning: comparison between signed and unsigned integer expressions [-Wsign-compare]
    if ( INTERRUPTMULTIREG_mReadReg (baseaddr, read_loop_index*4) != (read_loop_index+1)*READ_WRITE_MUL_FACTOR){
                                                                  ^~
InterruptMultiReg_selftest.c:36:6: warning: unused variable 'Index' [-Wunused-variable]
  int Index;
      ^~~~~
"Running Make libs in ps7_cortexa9_0/libsrc/scugic_v3_9/src"
make -C ps7_cortexa9_0/libsrc/scugic_v3_9/src -s libs  "SHELL=CMD" "COMPILER=arm-none-eabi-gcc" "ARCHIVER=arm-none-eabi-ar" "COMPILER_FLAGS=  -O2 -c" "EXTRA_COMPILER_FLAGS=-mcpu=cortex-a9 -mfpu=vfpv3 -mfloat-abi=hard -nostartfiles -g -Wall -Wextra"
"Compiling scugic"
"Running Make libs in ps7_cortexa9_0/libsrc/scutimer_v2_1/src"
make -C ps7_cortexa9_0/libsrc/scutimer_v2_1/src -s libs  "SHELL=CMD" "COMPILER=arm-none-eabi-gcc" "ARCHIVER=arm-none-eabi-ar" "COMPILER_FLAGS=  -O2 -c" "EXTRA_COMPILER_FLAGS=-mcpu=cortex-a9 -mfpu=vfpv3 -mfloat-abi=hard -nostartfiles -g -Wall -Wextra"
"Compiling scutimer"
"Running Make libs in ps7_cortexa9_0/libsrc/scuwdt_v2_1/src"
make -C ps7_cortexa9_0/libsrc/scuwdt_v2_1/src -s libs  "SHELL=CMD" "COMPILER=arm-none-eabi-gcc" "ARCHIVER=arm-none-eabi-ar" "COMPILER_FLAGS=  -O2 -c" "EXTRA_COMPILER_FLAGS=-mcpu=cortex-a9 -mfpu=vfpv3 -mfloat-abi=hard -nostartfiles -g -Wall -Wextra"
"Compiling scuwdt"
"Running Make libs in ps7_cortexa9_0/libsrc/standalone_v6_7/src"
make -C ps7_cortexa9_0/libsrc/standalone_v6_7/src -s libs  "SHELL=CMD" "COMPILER=arm-none-eabi-gcc" "ARCHIVER=arm-none-eabi-ar" "COMPILER_FLAGS=  -O2 -c" "EXTRA_COMPILER_FLAGS=-mcpu=cortex-a9 -mfpu=vfpv3 -mfloat-abi=hard -nostartfiles -g -Wall -Wextra"
"Compiling standalone"
"Running Make libs in ps7_cortexa9_0/libsrc/ttcps_v3_6/src"
make -C ps7_cortexa9_0/libsrc/ttcps_v3_6/src -s libs  "SHELL=CMD" "COMPILER=arm-none-eabi-gcc" "ARCHIVER=arm-none-eabi-ar" "COMPILER_FLAGS=  -O2 -c" "EXTRA_COMPILER_FLAGS=-mcpu=cortex-a9 -mfpu=vfpv3 -mfloat-abi=hard -nostartfiles -g -Wall -Wextra"
"Compiling ttcps"
"Running Make libs in ps7_cortexa9_0/libsrc/uartps_v3_6/src"
make -C ps7_cortexa9_0/libsrc/uartps_v3_6/src -s libs  "SHELL=CMD" "COMPILER=arm-none-eabi-gcc" "ARCHIVER=arm-none-eabi-ar" "COMPILER_FLAGS=  -O2 -c" "EXTRA_COMPILER_FLAGS=-mcpu=cortex-a9 -mfpu=vfpv3 -mfloat-abi=hard -nostartfiles -g -Wall -Wextra"
"Compiling uartps"
"Running Make libs in ps7_cortexa9_0/libsrc/xadcps_v2_2/src"
make -C ps7_cortexa9_0/libsrc/xadcps_v2_2/src -s libs  "SHELL=CMD" "COMPILER=arm-none-eabi-gcc" "ARCHIVER=arm-none-eabi-ar" "COMPILER_FLAGS=  -O2 -c" "EXTRA_COMPILER_FLAGS=-mcpu=cortex-a9 -mfpu=vfpv3 -mfloat-abi=hard -nostartfiles -g -Wall -Wextra"
"Compiling xadcps"
'Finished building libraries'
13:18:31 **** Build of configuration Debug for project TestMultiReg ****
make pre-build main-build 
a9-linaro-pre-build-step
' '
'Building file: ../src/InjectorDriver.c'
'Invoking: ARM v7 gcc compiler'
arm-none-eabi-gcc -Wall -O0 -g3 -c -fmessage-length=0 -MT"src/InjectorDriver.o" -mcpu=cortex-a9 -mfpu=vfpv3 -mfloat-abi=hard -I../../TestMultiReg_bsp/ps7_cortexa9_0/include -MMD -MP -MF"src/InjectorDriver.d" -MT"src/InjectorDriver.o" -o "src/InjectorDriver.o" "../src/InjectorDriver.c"
'Finished building: ../src/InjectorDriver.c'
' '
'Building file: ../src/SamplerDriver.c'
'Invoking: ARM v7 gcc compiler'
arm-none-eabi-gcc -Wall -O0 -g3 -c -fmessage-length=0 -MT"src/SamplerDriver.o" -mcpu=cortex-a9 -mfpu=vfpv3 -mfloat-abi=hard -I../../TestMultiReg_bsp/ps7_cortexa9_0/include -MMD -MP -MF"src/SamplerDriver.d" -MT"src/SamplerDriver.o" -o "src/SamplerDriver.o" "../src/SamplerDriver.c"
'Finished building: ../src/SamplerDriver.c'
' '
'Building file: ../src/helloworld.c'
'Invoking: ARM v7 gcc compiler'
arm-none-eabi-gcc -Wall -O0 -g3 -c -fmessage-length=0 -MT"src/helloworld.o" -mcpu=cortex-a9 -mfpu=vfpv3 -mfloat-abi=hard -I../../TestMultiReg_bsp/ps7_cortexa9_0/include -MMD -MP -MF"src/helloworld.d" -MT"src/helloworld.o" -o "src/helloworld.o" "../src/helloworld.c"
'Finished building: ../src/helloworld.c'
' '
'Building file: ../src/platform.c'
'Invoking: ARM v7 gcc compiler'
arm-none-eabi-gcc -Wall -O0 -g3 -c -fmessage-length=0 -MT"src/platform.o" -mcpu=cortex-a9 -mfpu=vfpv3 -mfloat-abi=hard -I../../TestMultiReg_bsp/ps7_cortexa9_0/include -MMD -MP -MF"src/platform.d" -MT"src/platform.o" -o "src/platform.o" "../src/platform.c"
'Finished building: ../src/platform.c'
' '
'Building target: TestMultiReg.elf'
'Invoking: ARM v7 gcc linker'
arm-none-eabi-gcc -mcpu=cortex-a9 -mfpu=vfpv3 -mfloat-abi=hard -Wl,-build-id=none -specs=Xilinx.spec -Wl,-T -Wl,../src/lscript.ld -L../../TestMultiReg_bsp/ps7_cortexa9_0/lib -o "TestMultiReg.elf"  ./src/InjectorDriver.o ./src/SamplerDriver.o ./src/helloworld.o ./src/platform.o   -Wl,--start-group,-lxil,-lgcc,-lc,--end-group
'Finished building target: TestMultiReg.elf'
' '
'Invoking: ARM v7 Print Size'
arm-none-eabi-size TestMultiReg.elf  |tee "TestMultiReg.elf.size"
   text	   data	    bss	    dec	    hex	filename
  82328	   4168	  23488	 109984	  1ada0	TestMultiReg.elf
'Finished building: TestMultiReg.elf.size'
' '
13:46:50 **** Incremental Build of configuration Debug for project TestMultiReg ****
make pre-build main-build 
a9-linaro-pre-build-step
' '
'Building file: ../src/InjectorDriver.c'
'Invoking: ARM v7 gcc compiler'
arm-none-eabi-gcc -Wall -O0 -g3 -c -fmessage-length=0 -MT"src/InjectorDriver.o" -mcpu=cortex-a9 -mfpu=vfpv3 -mfloat-abi=hard -I../../TestMultiReg_bsp/ps7_cortexa9_0/include -MMD -MP -MF"src/InjectorDriver.d" -MT"src/InjectorDriver.o" -o "src/InjectorDriver.o" "../src/InjectorDriver.c"
In file included from ../src/InjectorDriver.c:19:0:
../src/InjectorDriver.h:13:10: fatal error: xil_types.h: No such file or directory
 #include "xil_types.h"
          ^~~~~~~~~~~~~
compilation terminated.
make: *** [src/InjectorDriver.o] Error 1
13:47:04 **** Auto Build of project TestMultiReg_bsp ****
make -k all 
"Running Make include in ps7_cortexa9_0/libsrc/ClockDivider_v1_0/src"
make -C ps7_cortexa9_0/libsrc/ClockDivider_v1_0/src -s include  "SHELL=CMD" "COMPILER=arm-none-eabi-gcc" "ARCHIVER=arm-none-eabi-ar" "COMPILER_FLAGS=  -O2 -c" "EXTRA_COMPILER_FLAGS=-mcpu=cortex-a9 -mfpu=vfpv3 -mfloat-abi=hard -nostartfiles -g -Wall -Wextra"
"Running Make include in ps7_cortexa9_0/libsrc/coresightps_dcc_v1_4/src"
[...]
"Compiling devcfg"
"Running Make libs in ps7_cortexa9_0/libsrc/dmaps_v2_3/src"
make -C ps7_cortexa9_0/libsrc/dmaps_v2_3/src -s libs  "SHELL=CMD" "COMPILER=arm-none-eabi-gcc" "ARCHIVER=arm-none-eabi-ar" "COMPILER_FLAGS=  -O2 -c" "EXTRA_COMPILER_FLAGS=-mcpu=cortex-a9 -mfpu=vfpv3 -mfloat-abi=hard -nostartfiles -g -Wall -Wextra"
"Compiling dmaps"
"Running Make libs in ps7_cortexa9_0/libsrc/scugic_v3_9/src"
make -C ps7_cortexa9_0/libsrc/scugic_v3_9/src -s libs  "SHELL=CMD" "COMPILER=arm-none-eabi-gcc" "ARCHIVER=arm-none-eabi-ar" "COMPILER_FLAGS=  -O2 -c" "EXTRA_COMPILER_FLAGS=-mcpu=cortex-a9 -mfpu=vfpv3 -mfloat-abi=hard -nostartfiles -g -Wall -Wextra"
"Compiling scugic"
"Running Make libs in ps7_cortexa9_0/libsrc/scutimer_v2_1/src"
make -C ps7_cortexa9_0/libsrc/scutimer_v2_1/src -s libs  "SHELL=CMD" "COMPILER=arm-none-eabi-gcc" "ARCHIVER=arm-none-eabi-ar" "COMPILER_FLAGS=  -O2 -c" "EXTRA_COMPILER_FLAGS=-mcpu=cortex-a9 -mfpu=vfpv3 -mfloat-abi=hard -nostartfiles -g -Wall -Wextra"
"Compiling scutimer"
"Running Make libs in ps7_cortexa9_0/libsrc/scuwdt_v2_1/src"
make -C ps7_cortexa9_0/libsrc/scuwdt_v2_1/src -s libs  "SHELL=CMD" "COMPILER=arm-none-eabi-gcc" "ARCHIVER=arm-none-eabi-ar" "COMPILER_FLAGS=  -O2 -c" "EXTRA_COMPILER_FLAGS=-mcpu=cortex-a9 -mfpu=vfpv3 -mfloat-abi=hard -nostartfiles -g -Wall -Wextra"
"Compiling scuwdt"
"Running Make libs in ps7_cortexa9_0/libsrc/standalone_v6_7/src"
make -C ps7_cortexa9_0/libsrc/standalone_v6_7/src -s libs  "SHELL=CMD" "COMPILER=arm-none-eabi-gcc" "ARCHIVER=arm-none-eabi-ar" "COMPILER_FLAGS=  -O2 -c" "EXTRA_COMPILER_FLAGS=-mcpu=cortex-a9 -mfpu=vfpv3 -mfloat-abi=hard -nostartfiles -g -Wall -Wextra"
"Compiling standalone"
"Running Make libs in ps7_cortexa9_0/libsrc/ttcps_v3_6/src"
make -C ps7_cortexa9_0/libsrc/ttcps_v3_6/src -s libs  "SHELL=CMD" "COMPILER=arm-none-eabi-gcc" "ARCHIVER=arm-none-eabi-ar" "COMPILER_FLAGS=  -O2 -c" "EXTRA_COMPILER_FLAGS=-mcpu=cortex-a9 -mfpu=vfpv3 -mfloat-abi=hard -nostartfiles -g -Wall -Wextra"
"Compiling ttcps"
"Running Make libs in ps7_cortexa9_0/libsrc/uartps_v3_6/src"
make -C ps7_cortexa9_0/libsrc/uartps_v3_6/src -s libs  "SHELL=CMD" "COMPILER=arm-none-eabi-gcc" "ARCHIVER=arm-none-eabi-ar" "COMPILER_FLAGS=  -O2 -c" "EXTRA_COMPILER_FLAGS=-mcpu=cortex-a9 -mfpu=vfpv3 -mfloat-abi=hard -nostartfiles -g -Wall -Wextra"
"Compiling uartps"
"Running Make libs in ps7_cortexa9_0/libsrc/xadcps_v2_2/src"
make -C ps7_cortexa9_0/libsrc/xadcps_v2_2/src -s libs  "SHELL=CMD" "COMPILER=arm-none-eabi-gcc" "ARCHIVER=arm-none-eabi-ar" "COMPILER_FLAGS=  -O2 -c" "EXTRA_COMPILER_FLAGS=-mcpu=cortex-a9 -mfpu=vfpv3 -mfloat-abi=hard -nostartfiles -g -Wall -Wextra"
"Compiling xadcps"
'Finished building libraries'
17:52:07 **** Auto Build of configuration Debug for project TestMultiReg ****
make pre-build main-build 
a9-linaro-pre-build-step
' '
'Building file: ../src/InjectorDriver.c'
'Invoking: ARM v7 gcc compiler'
arm-none-eabi-gcc -Wall -O0 -g3 -c -fmessage-length=0 -MT"src/InjectorDriver.o" -mcpu=cortex-a9 -mfpu=vfpv3 -mfloat-abi=hard -I../../TestMultiReg_bsp/ps7_cortexa9_0/include -MMD -MP -MF"src/InjectorDriver.d" -MT"src/InjectorDriver.o" -o "src/InjectorDriver.o" "../src/InjectorDriver.c"
'Finished building: ../src/InjectorDriver.c'
' '
'Building file: ../src/SamplerDriver.c'
'Invoking: ARM v7 gcc compiler'
arm-none-eabi-gcc -Wall -O0 -g3 -c -fmessage-length=0 -MT"src/SamplerDriver.o" -mcpu=cortex-a9 -mfpu=vfpv3 -mfloat-abi=hard -I../../TestMultiReg_bsp/ps7_cortexa9_0/include -MMD -MP -MF"src/SamplerDriver.d" -MT"src/SamplerDriver.o" -o "src/SamplerDriver.o" "../src/SamplerDriver.c"
'Finished building: ../src/SamplerDriver.c'
' '
'Building file: ../src/helloworld.c'
'Invoking: ARM v7 gcc compiler'
arm-none-eabi-gcc -Wall -O0 -g3 -c -fmessage-length=0 -MT"src/helloworld.o" -mcpu=cortex-a9 -mfpu=vfpv3 -mfloat-abi=hard -I../../TestMultiReg_bsp/ps7_cortexa9_0/include -MMD -MP -MF"src/helloworld.d" -MT"src/helloworld.o" -o "src/helloworld.o" "../src/helloworld.c"
../src/helloworld.c: In function 'main':
../src/helloworld.c:85:30: error: 'XPAR_FABRIC_INTERRUPTMULTIREG_0_IRQ_INTR' undeclared (first use in this function); did you mean 'XPAR_FABRIC_INTERRUPTGENERATOR_0_IRQ_INTR'?
 #define INTC_INJECTOR_INT_ID XPAR_FABRIC_INTERRUPTMULTIREG_0_IRQ_INTR     //4. The interrupt ID of the injector
                              ^
../src/helloworld.c:85:30: note: in definition of macro 'INTC_INJECTOR_INT_ID'
 #define INTC_INJECTOR_INT_ID XPAR_FABRIC_INTERRUPTMULTIREG_0_IRQ_INTR     //4. The interrupt ID of the injector
                              ^~~~~~~~~~~~~~~~~~~~~~~~~~~~~~~~~~~~~~~~
../src/helloworld.c:85:30: note: each undeclared identifier is reported only once for each function it appears in
 #define INTC_INJECTOR_INT_ID XPAR_FABRIC_INTERRUPTMULTIREG_0_IRQ_INTR     //4. The interrupt ID of the injector
                              ^
../src/helloworld.c:85:30: note: in definition of macro 'INTC_INJECTOR_INT_ID'
 #define INTC_INJECTOR_INT_ID XPAR_FABRIC_INTERRUPTMULTIREG_0_IRQ_INTR     //4. The interrupt ID of the injector
                              ^~~~~~~~~~~~~~~~~~~~~~~~~~~~~~~~~~~~~~~~
../src/helloworld.c:86:33: error: 'XPAR_FABRIC_INTERRUPTMULTIREG_1_IRQ_INTR' undeclared (first use in this function); did you mean 'XPAR_FABRIC_INTERRUPTMULTIREG_0_IRQ_INTR'?
 #define INTC_SAMPLER_INT_ID     XPAR_FABRIC_INTERRUPTMULTIREG_1_IRQ_INTR     //4. The interrupt ID of the sampler
                                 ^
../src/helloworld.c:86:33: note: in definition of macro 'INTC_SAMPLER_INT_ID'
 #define INTC_SAMPLER_INT_ID     XPAR_FABRIC_INTERRUPTMULTIREG_1_IRQ_INTR     //4. The interrupt ID of the sampler
                                 ^~~~~~~~~~~~~~~~~~~~~~~~~~~~~~~~~~~~~~~~
make: *** [src/helloworld.o] Error 1
17:56:02 **** Auto Build of configuration Debug for project TestMultiReg ****
make pre-build main-build 
a9-linaro-pre-build-step
' '
'Building file: ../src/helloworld.c'
'Invoking: ARM v7 gcc compiler'
arm-none-eabi-gcc -Wall -O0 -g3 -c -fmessage-length=0 -MT"src/helloworld.o" -mcpu=cortex-a9 -mfpu=vfpv3 -mfloat-abi=hard -I../../TestMultiReg_bsp/ps7_cortexa9_0/include -MMD -MP -MF"src/helloworld.d" -MT"src/helloworld.o" -o "src/helloworld.o" "../src/helloworld.c"
'Finished building: ../src/helloworld.c'
' '
'Building file: ../src/platform.c'
'Invoking: ARM v7 gcc compiler'
arm-none-eabi-gcc -Wall -O0 -g3 -c -fmessage-length=0 -MT"src/platform.o" -mcpu=cortex-a9 -mfpu=vfpv3 -mfloat-abi=hard -I../../TestMultiReg_bsp/ps7_cortexa9_0/include -MMD -MP -MF"src/platform.d" -MT"src/platform.o" -o "src/platform.o" "../src/platform.c"
'Finished building: ../src/platform.c'
' '
'Building target: TestMultiReg.elf'
'Invoking: ARM v7 gcc linker'
arm-none-eabi-gcc -mcpu=cortex-a9 -mfpu=vfpv3 -mfloat-abi=hard -Wl,-build-id=none -specs=Xilinx.spec -Wl,-T -Wl,../src/lscript.ld -L../../TestMultiReg_bsp/ps7_cortexa9_0/lib -o "TestMultiReg.elf"  ./src/InjectorDriver.o ./src/SamplerDriver.o ./src/helloworld.o ./src/platform.o   -Wl,--start-group,-lxil,-lgcc,-lc,--end-group
'Finished building target: TestMultiReg.elf'
' '
'Invoking: ARM v7 Print Size'
arm-none-eabi-size TestMultiReg.elf  |tee "TestMultiReg.elf.size"
   text	   data	    bss	    dec	    hex	filename
  27412	   1160	  22712	  51284	   c854	TestMultiReg.elf
'Finished building: TestMultiReg.elf.size'
' '
17:56:29 **** Incremental Build of configuration Debug for project TestMultiReg ****
make pre-build main-build 
a9-linaro-pre-build-step
' '
make: Nothing to be done for `main-build'.
17:57:36 **** Auto Build of configuration Debug for project TestMultiReg ****
make pre-build main-build 
a9-linaro-pre-build-step
' '
'Building file: ../src/helloworld.c'
'Invoking: ARM v7 gcc compiler'
arm-none-eabi-gcc -Wall -O0 -g3 -c -fmessage-length=0 -MT"src/helloworld.o" -mcpu=cortex-a9 -mfpu=vfpv3 -mfloat-abi=hard -I../../TestMultiReg_bsp/ps7_cortexa9_0/include -MMD -MP -MF"src/helloworld.d" -MT"src/helloworld.o" -o "src/helloworld.o" "../src/helloworld.c"
'Finished building: ../src/helloworld.c'
' '
'Building target: TestMultiReg.elf'
'Invoking: ARM v7 gcc linker'
arm-none-eabi-gcc -mcpu=cortex-a9 -mfpu=vfpv3 -mfloat-abi=hard -Wl,-build-id=none -specs=Xilinx.spec -Wl,-T -Wl,../src/lscript.ld -L../../TestMultiReg_bsp/ps7_cortexa9_0/lib -o "TestMultiReg.elf"  ./src/InjectorDriver.o ./src/SamplerDriver.o ./src/helloworld.o ./src/platform.o   -Wl,--start-group,-lxil,-lgcc,-lc,--end-group
'Finished building target: TestMultiReg.elf'
' '
'Invoking: ARM v7 Print Size'
arm-none-eabi-size TestMultiReg.elf  |tee "TestMultiReg.elf.size"
   text	   data	    bss	    dec	    hex	filename
  84112	   4168	  23488	 111768	  1b498	TestMultiReg.elf
'Finished building: TestMultiReg.elf.size'
' '
17:58:00 **** Incremental Build of configuration Debug for project TestMultiReg ****
make pre-build main-build 
a9-linaro-pre-build-step
' '
make: Nothing to be done for `main-build'.
01:12:38 **** Auto Build of project TestMultiReg_bsp ****
make -k all 
"Running Make include in ps7_cortexa9_0/libsrc/ClockDivider_v1_0/src"
make -C ps7_cortexa9_0/libsrc/ClockDivider_v1_0/src -s include  "SHELL=CMD" "COMPILER=arm-none-eabi-gcc" "ARCHIVER=arm-none-eabi-ar" "COMPILER_FLAGS=  -O2 -c" "EXTRA_COMPILER_FLAGS=-mcpu=cortex-a9 -mfpu=vfpv3 -mfloat-abi=hard -nostartfiles -g -Wall -Wextra"
"Running Make include in ps7_cortexa9_0/libsrc/coresightps_dcc_v1_4/src"
make -C ps7_cortexa9_0/libsrc/coresightps_dcc_v1_4/src -s include  "SHELL=CMD" "COMPILER=arm-none-eabi-gcc" "ARCHIVER=arm-none-eabi-ar" "COMPILER_FLAGS=  -O2 -c" "EXTRA_COMPILER_FLAGS=-mcpu=cortex-a9 -mfpu=vfpv3 -mfloat-abi=hard -nostartfiles -g -Wall -Wextra"
"Running Make include in ps7_cortexa9_0/libsrc/cpu_cortexa9_v2_6/src"
make -C ps7_cortexa9_0/libsrc/cpu_cortexa9_v2_6/src -s include  "SHELL=CMD" "COMPILER=arm-none-eabi-gcc" "ARCHIVER=arm-none-eabi-ar" "COMPILER_FLAGS=  -O2 -c" "EXTRA_COMPILER_FLAGS=-mcpu=cortex-a9 -mfpu=vfpv3 -mfloat-abi=hard -nostartfiles -g -Wall -Wextra"
"Running Make include in ps7_cortexa9_0/libsrc/ddrps_v1_0/src"
make -C ps7_cortexa9_0/libsrc/ddrps_v1_0/src -s include  "SHELL=CMD" "COMPILER=arm-none-eabi-gcc" "ARCHIVER=arm-none-eabi-ar" "COMPILER_FLAGS=  -O2 -c" "EXTRA_COMPILER_FLAGS=-mcpu=cortex-a9 -mfpu=vfpv3 -mfloat-abi=hard -nostartfiles -g -Wall -Wextra"
"Running Make include in ps7_cortexa9_0/libsrc/devcfg_v3_5/src"
make -C ps7_cortexa9_0/libsrc/devcfg_v3_5/src -s include  "SHELL=CMD" "COMPILER=arm-none-eabi-gcc" "ARCHIVER=arm-none-eabi-ar" "COMPILER_FLAGS=  -O2 -c" "EXTRA_COMPILER_FLAGS=-mcpu=cortex-a9 -mfpu=vfpv3 -mfloat-abi=hard -nostartfiles -g -Wall -Wextra"
"Running Make include in ps7_cortexa9_0/libsrc/dmaps_v2_3/src"
make -C ps7_cortexa9_0/libsrc/dmaps_v2_3/src -s include  "SHELL=CMD" "COMPILER=arm-none-eabi-gcc" "ARCHIVER=arm-none-eabi-ar" "COMPILER_FLAGS=  -O2 -c" "EXTRA_COMPILER_FLAGS=-mcpu=cortex-a9 -mfpu=vfpv3 -mfloat-abi=hard -nostartfiles -g -Wall -Wextra"
"Running Make include in ps7_cortexa9_0/libsrc/scugic_v3_9/src"
make -C ps7_cortexa9_0/libsrc/scugic_v3_9/src -s include  "SHELL=CMD" "COMPILER=arm-none-eabi-gcc" "ARCHIVER=arm-none-eabi-ar" "COMPILER_FLAGS=  -O2 -c" "EXTRA_COMPILER_FLAGS=-mcpu=cortex-a9 -mfpu=vfpv3 -mfloat-abi=hard -nostartfiles -g -Wall -Wextra"
"Running Make include in ps7_cortexa9_0/libsrc/scutimer_v2_1/src"
make -C ps7_cortexa9_0/libsrc/scutimer_v2_1/src -s include  "SHELL=CMD" "COMPILER=arm-none-eabi-gcc" "ARCHIVER=arm-none-eabi-ar" "COMPILER_FLAGS=  -O2 -c" "EXTRA_COMPILER_FLAGS=-mcpu=cortex-a9 -mfpu=vfpv3 -mfloat-abi=hard -nostartfiles -g -Wall -Wextra"
"Running Make include in ps7_cortexa9_0/libsrc/scuwdt_v2_1/src"
make -C ps7_cortexa9_0/libsrc/scuwdt_v2_1/src -s include  "SHELL=CMD" "COMPILER=arm-none-eabi-gcc" "ARCHIVER=arm-none-eabi-ar" "COMPILER_FLAGS=  -O2 -c" "EXTRA_COMPILER_FLAGS=-mcpu=cortex-a9 -mfpu=vfpv3 -mfloat-abi=hard -nostartfiles -g -Wall -Wextra"
"Running Make include in ps7_cortexa9_0/libsrc/standalone_v6_7/src"
make -C ps7_cortexa9_0/libsrc/standalone_v6_7/src -s include  "SHELL=CMD" "COMPILER=arm-none-eabi-gcc" "ARCHIVER=arm-none-eabi-ar" "COMPILER_FLAGS=  -O2 -c" "EXTRA_COMPILER_FLAGS=-mcpu=cortex-a9 -mfpu=vfpv3 -mfloat-abi=hard -nostartfiles -g -Wall -Wextra"
"Running Make include in ps7_cortexa9_0/libsrc/ttcps_v3_6/src"
make -C ps7_cortexa9_0/libsrc/ttcps_v3_6/src -s include  "SHELL=CMD" "COMPILER=arm-none-eabi-gcc" "ARCHIVER=arm-none-eabi-ar" "COMPILER_FLAGS=  -O2 -c" "EXTRA_COMPILER_FLAGS=-mcpu=cortex-a9 -mfpu=vfpv3 -mfloat-abi=hard -nostartfiles -g -Wall -Wextra"
"Running Make include in ps7_cortexa9_0/libsrc/uartps_v3_6/src"
make -C ps7_cortexa9_0/libsrc/uartps_v3_6/src -s include  "SHELL=CMD" "COMPILER=arm-none-eabi-gcc" "ARCHIVER=arm-none-eabi-ar" "COMPILER_FLAGS=  -O2 -c" "EXTRA_COMPILER_FLAGS=-mcpu=cortex-a9 -mfpu=vfpv3 -mfloat-abi=hard -nostartfiles -g -Wall -Wextra"
"Running Make include in ps7_cortexa9_0/libsrc/xadcps_v2_2/src"
make -C ps7_cortexa9_0/libsrc/xadcps_v2_2/src -s include  "SHELL=CMD" "COMPILER=arm-none-eabi-gcc" "ARCHIVER=arm-none-eabi-ar" "COMPILER_FLAGS=  -O2 -c" "EXTRA_COMPILER_FLAGS=-mcpu=cortex-a9 -mfpu=vfpv3 -mfloat-abi=hard -nostartfiles -g -Wall -Wextra"
"Running Make libs in ps7_cortexa9_0/libsrc/ClockDivider_v1_0/src"
make -C ps7_cortexa9_0/libsrc/ClockDivider_v1_0/src -s libs  "SHELL=CMD" "COMPILER=arm-none-eabi-gcc" "ARCHIVER=arm-none-eabi-ar" "COMPILER_FLAGS=  -O2 -c" "EXTRA_COMPILER_FLAGS=-mcpu=cortex-a9 -mfpu=vfpv3 -mfloat-abi=hard -nostartfiles -g -Wall -Wextra"
"Compiling ClockDivider..."
arm-none-eabi-ar: creating ../../../lib/libxil.a
"Running Make libs in ps7_cortexa9_0/libsrc/coresightps_dcc_v1_4/src"
make -C ps7_cortexa9_0/libsrc/coresightps_dcc_v1_4/src -s libs  "SHELL=CMD" "COMPILER=arm-none-eabi-gcc" "ARCHIVER=arm-none-eabi-ar" "COMPILER_FLAGS=  -O2 -c" "EXTRA_COMPILER_FLAGS=-mcpu=cortex-a9 -mfpu=vfpv3 -mfloat-abi=hard -nostartfiles -g -Wall -Wextra"
"Compiling coresightps_dcc"
"Running Make libs in ps7_cortexa9_0/libsrc/cpu_cortexa9_v2_6/src"
make -C ps7_cortexa9_0/libsrc/cpu_cortexa9_v2_6/src -s libs  "SHELL=CMD" "COMPILER=arm-none-eabi-gcc" "ARCHIVER=arm-none-eabi-ar" "COMPILER_FLAGS=  -O2 -c" "EXTRA_COMPILER_FLAGS=-mcpu=cortex-a9 -mfpu=vfpv3 -mfloat-abi=hard -nostartfiles -g -Wall -Wextra"
"Compiling cpu_cortexa9"
"Running Make libs in ps7_cortexa9_0/libsrc/ddrps_v1_0/src"
make -C ps7_cortexa9_0/libsrc/ddrps_v1_0/src -s libs  "SHELL=CMD" "COMPILER=arm-none-eabi-gcc" "ARCHIVER=arm-none-eabi-ar" "COMPILER_FLAGS=  -O2 -c" "EXTRA_COMPILER_FLAGS=-mcpu=cortex-a9 -mfpu=vfpv3 -mfloat-abi=hard -nostartfiles -g -Wall -Wextra"
"Compiling ddrps"
"Running Make libs in ps7_cortexa9_0/libsrc/devcfg_v3_5/src"
make -C ps7_cortexa9_0/libsrc/devcfg_v3_5/src -s libs  "SHELL=CMD" "COMPILER=arm-none-eabi-gcc" "ARCHIVER=arm-none-eabi-ar" "COMPILER_FLAGS=  -O2 -c" "EXTRA_COMPILER_FLAGS=-mcpu=cortex-a9 -mfpu=vfpv3 -mfloat-abi=hard -nostartfiles -g -Wall -Wextra"
"Compiling devcfg"
"Running Make libs in ps7_cortexa9_0/libsrc/dmaps_v2_3/src"
make -C ps7_cortexa9_0/libsrc/dmaps_v2_3/src -s libs  "SHELL=CMD" "COMPILER=arm-none-eabi-gcc" "ARCHIVER=arm-none-eabi-ar" "COMPILER_FLAGS=  -O2 -c" "EXTRA_COMPILER_FLAGS=-mcpu=cortex-a9 -mfpu=vfpv3 -mfloat-abi=hard -nostartfiles -g -Wall -Wextra"
"Compiling dmaps"
"Running Make libs in ps7_cortexa9_0/libsrc/scugic_v3_9/src"
make -C ps7_cortexa9_0/libsrc/scugic_v3_9/src -s libs  "SHELL=CMD" "COMPILER=arm-none-eabi-gcc" "ARCHIVER=arm-none-eabi-ar" "COMPILER_FLAGS=  -O2 -c" "EXTRA_COMPILER_FLAGS=-mcpu=cortex-a9 -mfpu=vfpv3 -mfloat-abi=hard -nostartfiles -g -Wall -Wextra"
"Compiling scugic"
"Running Make libs in ps7_cortexa9_0/libsrc/scutimer_v2_1/src"
make -C ps7_cortexa9_0/libsrc/scutimer_v2_1/src -s libs  "SHELL=CMD" "COMPILER=arm-none-eabi-gcc" "ARCHIVER=arm-none-eabi-ar" "COMPILER_FLAGS=  -O2 -c" "EXTRA_COMPILER_FLAGS=-mcpu=cortex-a9 -mfpu=vfpv3 -mfloat-abi=hard -nostartfiles -g -Wall -Wextra"
"Compiling scutimer"
"Running Make libs in ps7_cortexa9_0/libsrc/scuwdt_v2_1/src"
make -C ps7_cortexa9_0/libsrc/scuwdt_v2_1/src -s libs  "SHELL=CMD" "COMPILER=arm-none-eabi-gcc" "ARCHIVER=arm-none-eabi-ar" "COMPILER_FLAGS=  -O2 -c" "EXTRA_COMPILER_FLAGS=-mcpu=cortex-a9 -mfpu=vfpv3 -mfloat-abi=hard -nostartfiles -g -Wall -Wextra"
"Compiling scuwdt"
"Running Make libs in ps7_cortexa9_0/libsrc/standalone_v6_7/src"
make -C ps7_cortexa9_0/libsrc/standalone_v6_7/src -s libs  "SHELL=CMD" "COMPILER=arm-none-eabi-gcc" "ARCHIVER=arm-none-eabi-ar" "COMPILER_FLAGS=  -O2 -c" "EXTRA_COMPILER_FLAGS=-mcpu=cortex-a9 -mfpu=vfpv3 -mfloat-abi=hard -nostartfiles -g -Wall -Wextra"
"Compiling standalone"
"Running Make libs in ps7_cortexa9_0/libsrc/ttcps_v3_6/src"
make -C ps7_cortexa9_0/libsrc/ttcps_v3_6/src -s libs  "SHELL=CMD" "COMPILER=arm-none-eabi-gcc" "ARCHIVER=arm-none-eabi-ar" "COMPILER_FLAGS=  -O2 -c" "EXTRA_COMPILER_FLAGS=-mcpu=cortex-a9 -mfpu=vfpv3 -mfloat-abi=hard -nostartfiles -g -Wall -Wextra"
"Compiling ttcps"
"Running Make libs in ps7_cortexa9_0/libsrc/uartps_v3_6/src"
make -C ps7_cortexa9_0/libsrc/uartps_v3_6/src -s libs  "SHELL=CMD" "COMPILER=arm-none-eabi-gcc" "ARCHIVER=arm-none-eabi-ar" "COMPILER_FLAGS=  -O2 -c" "EXTRA_COMPILER_FLAGS=-mcpu=cortex-a9 -mfpu=vfpv3 -mfloat-abi=hard -nostartfiles -g -Wall -Wextra"
"Compiling uartps"
"Running Make libs in ps7_cortexa9_0/libsrc/xadcps_v2_2/src"
make -C ps7_cortexa9_0/libsrc/xadcps_v2_2/src -s libs  "SHELL=CMD" "COMPILER=arm-none-eabi-gcc" "ARCHIVER=arm-none-eabi-ar" "COMPILER_FLAGS=  -O2 -c" "EXTRA_COMPILER_FLAGS=-mcpu=cortex-a9 -mfpu=vfpv3 -mfloat-abi=hard -nostartfiles -g -Wall -Wextra"
"Compiling xadcps"
'Finished building libraries'
01:12:56 **** Auto Build of configuration Debug for project TestMultiReg ****
make pre-build main-build 
a9-linaro-pre-build-step
' '
'Building file: ../src/InjectorDriver.c'
'Invoking: ARM v7 gcc compiler'
arm-none-eabi-gcc -Wall -O0 -g3 -c -fmessage-length=0 -MT"src/InjectorDriver.o" -mcpu=cortex-a9 -mfpu=vfpv3 -mfloat-abi=hard -I../../TestMultiReg_bsp/ps7_cortexa9_0/include -MMD -MP -MF"src/InjectorDriver.d" -MT"src/InjectorDriver.o" -o "src/InjectorDriver.o" "../src/InjectorDriver.c"
'Finished building: ../src/InjectorDriver.c'
' '
'Building file: ../src/SamplerDriver.c'
'Invoking: ARM v7 gcc compiler'
arm-none-eabi-gcc -Wall -O0 -g3 -c -fmessage-length=0 -MT"src/SamplerDriver.o" -mcpu=cortex-a9 -mfpu=vfpv3 -mfloat-abi=hard -I../../TestMultiReg_bsp/ps7_cortexa9_0/include -MMD -MP -MF"src/SamplerDriver.d" -MT"src/SamplerDriver.o" -o "src/SamplerDriver.o" "../src/SamplerDriver.c"
'Finished building: ../src/SamplerDriver.c'
' '
'Building file: ../src/helloworld.c'
'Invoking: ARM v7 gcc compiler'
arm-none-eabi-gcc -Wall -O0 -g3 -c -fmessage-length=0 -MT"src/helloworld.o" -mcpu=cortex-a9 -mfpu=vfpv3 -mfloat-abi=hard -I../../TestMultiReg_bsp/ps7_cortexa9_0/include -MMD -MP -MF"src/helloworld.d" -MT"src/helloworld.o" -o "src/helloworld.o" "../src/helloworld.c"
'Finished building: ../src/helloworld.c'
' '
'Building file: ../src/platform.c'
'Invoking: ARM v7 gcc compiler'
arm-none-eabi-gcc -Wall -O0 -g3 -c -fmessage-length=0 -MT"src/platform.o" -mcpu=cortex-a9 -mfpu=vfpv3 -mfloat-abi=hard -I../../TestMultiReg_bsp/ps7_cortexa9_0/include -MMD -MP -MF"src/platform.d" -MT"src/platform.o" -o "src/platform.o" "../src/platform.c"
'Finished building: ../src/platform.c'
' '
'Building target: TestMultiReg.elf'
'Invoking: ARM v7 gcc linker'
arm-none-eabi-gcc -mcpu=cortex-a9 -mfpu=vfpv3 -mfloat-abi=hard -Wl,-build-id=none -specs=Xilinx.spec -Wl,-T -Wl,../src/lscript.ld -L../../TestMultiReg_bsp/ps7_cortexa9_0/lib -o "TestMultiReg.elf"  ./src/InjectorDriver.o ./src/SamplerDriver.o ./src/helloworld.o ./src/platform.o   -Wl,--start-group,-lxil,-lgcc,-lc,--end-group
'Finished building target: TestMultiReg.elf'
' '
'Invoking: ARM v7 Print Size'
arm-none-eabi-size TestMultiReg.elf  |tee "TestMultiReg.elf.size"
   text	   data	    bss	    dec	    hex	filename
  84112	   4168	  23488	 111768	  1b498	TestMultiReg.elf
'Finished building: TestMultiReg.elf.size'
' '
